Component: ARM Compiler 5.06 update 6 (build 750) Tool: armlink [4d35ed]

==============================================================================

Section Cross References

    main.o(i.HAL_GPIO_EXTI_Callback) refers to delay.o(i.delay_ms) for delay_ms
    main.o(i.HAL_GPIO_EXTI_Callback) refers to stm32f1xx_hal_gpio.o(i.HAL_GPIO_ReadPin) for HAL_GPIO_ReadPin
    main.o(i.HAL_GPIO_EXTI_Callback) refers to hongwai.o(i.IR_Send_Pack) for IR_Send_Pack
    main.o(i.HAL_GPIO_EXTI_Callback) refers to hongwai.o(i.IR_Learn_Pack) for IR_Learn_Pack
    main.o(i.HAL_GPIO_EXTI_Callback) refers to hongwai.o(i.HW_Send_Data) for HW_Send_Data
    main.o(i.HAL_GPIO_EXTI_Callback) refers to oled.o(i.main_page_data) for main_page_data
    main.o(i.HAL_GPIO_EXTI_Callback) refers to hongwai.o(.data) for KT_run_state
    main.o(i.HAL_GPIO_EXTI_Callback) refers to main.o(.bss) for .bss
    main.o(i.SystemClock_Config) refers to stm32f1xx_hal_rcc.o(i.HAL_RCC_OscConfig) for HAL_RCC_OscConfig
    main.o(i.SystemClock_Config) refers to stm32f1xx_hal_rcc.o(i.HAL_RCC_ClockConfig) for HAL_RCC_ClockConfig
    main.o(i.SystemClock_Config) refers to stm32f1xx_hal_rcc.o(i.HAL_RCC_GetHCLKFreq) for HAL_RCC_GetHCLKFreq
    main.o(i.SystemClock_Config) refers to stm32f1xx_hal_cortex.o(i.HAL_SYSTICK_Config) for HAL_SYSTICK_Config
    main.o(i.SystemClock_Config) refers to stm32f1xx_hal_cortex.o(i.HAL_SYSTICK_CLKSourceConfig) for HAL_SYSTICK_CLKSourceConfig
    main.o(i.SystemClock_Config) refers to stm32f1xx_hal_cortex.o(i.HAL_NVIC_SetPriority) for HAL_NVIC_SetPriority
    main.o(i.main) refers to stm32f1xx_hal.o(i.HAL_Init) for HAL_Init
    main.o(i.main) refers to main.o(i.SystemClock_Config) for SystemClock_Config
    main.o(i.main) refers to gpio.o(i.MX_GPIO_Init) for MX_GPIO_Init
    main.o(i.main) refers to tim.o(i.MX_TIM2_Init) for MX_TIM2_Init
    main.o(i.main) refers to usart.o(i.MX_USART1_UART_Init) for MX_USART1_UART_Init
    main.o(i.main) refers to usart.o(i.MX_USART2_UART_Init) for MX_USART2_UART_Init
    main.o(i.main) refers to usart.o(i.MX_USART3_UART_Init) for MX_USART3_UART_Init
    main.o(i.main) refers to i2c.o(i.MX_I2C1_Init) for MX_I2C1_Init
    main.o(i.main) refers to stm32f1xx_hal_cortex.o(i.HAL_NVIC_SetPriority) for HAL_NVIC_SetPriority
    main.o(i.main) refers to stm32f1xx_hal_cortex.o(i.HAL_NVIC_EnableIRQ) for HAL_NVIC_EnableIRQ
    main.o(i.main) refers to delay.o(i.delay_init) for delay_init
    main.o(i.main) refers to gizwits_product.o(i.timerInit) for timerInit
    main.o(i.main) refers to gizwits_product.o(i.uartInit) for uartInit
    main.o(i.main) refers to gizwits_product.o(i.userInit) for userInit
    main.o(i.main) refers to gizwits_protocol.o(i.gizwitsInit) for gizwitsInit
    main.o(i.main) refers to printfa.o(i.__0printf) for __2printf
    main.o(i.main) refers to dht11.o(i.DHT11_Init) for DHT11_Init
    main.o(i.main) refers to dht11.o(i.DHT11_Read_Data) for DHT11_Read_Data
    main.o(i.main) refers to gizwits_protocol.o(i.gizwitsHandle) for gizwitsHandle
    main.o(i.main) refers to stm32f1xx_hal_gpio.o(i.HAL_GPIO_TogglePin) for HAL_GPIO_TogglePin
    main.o(i.main) refers to gizwits_product.o(i.userHandle) for userHandle
    main.o(i.main) refers to strcmp.o(.text) for strcmp
    main.o(i.main) refers to gizwits_protocol.o(i.gizwitsSetMode) for gizwitsSetMode
    main.o(i.main) refers to memseta.o(.text) for __aeabi_memclr
    main.o(i.main) refers to delay.o(i.delay_ms) for delay_ms
    main.o(i.main) refers to gizwits_product.o(.data) for usart_send_state
    main.o(i.main) refers to gizwits_product.o(.bss) for currentDataPoint
    gpio.o(i.MX_GPIO_Init) refers to stm32f1xx_hal_gpio.o(i.HAL_GPIO_WritePin) for HAL_GPIO_WritePin
    gpio.o(i.MX_GPIO_Init) refers to stm32f1xx_hal_gpio.o(i.HAL_GPIO_Init) for HAL_GPIO_Init
    gpio.o(i.MX_GPIO_Init) refers to stm32f1xx_hal_cortex.o(i.HAL_NVIC_SetPriority) for HAL_NVIC_SetPriority
    gpio.o(i.MX_GPIO_Init) refers to stm32f1xx_hal_cortex.o(i.HAL_NVIC_EnableIRQ) for HAL_NVIC_EnableIRQ
    i2c.o(i.HAL_I2C_MspDeInit) refers to stm32f1xx_hal_gpio.o(i.HAL_GPIO_DeInit) for HAL_GPIO_DeInit
    i2c.o(i.HAL_I2C_MspInit) refers to stm32f1xx_hal_gpio.o(i.HAL_GPIO_Init) for HAL_GPIO_Init
    i2c.o(i.MX_I2C1_Init) refers to stm32f1xx_hal_i2c.o(i.HAL_I2C_Init) for HAL_I2C_Init
    i2c.o(i.MX_I2C1_Init) refers to main.o(i._Error_Handler) for _Error_Handler
    i2c.o(i.MX_I2C1_Init) refers to i2c.o(.bss) for .bss
    tim.o(i.HAL_TIM_Base_MspDeInit) refers to stm32f1xx_hal_cortex.o(i.HAL_NVIC_DisableIRQ) for HAL_NVIC_DisableIRQ
    tim.o(i.MX_TIM2_Init) refers to stm32f1xx_hal_tim.o(i.HAL_TIM_Base_Init) for HAL_TIM_Base_Init
    tim.o(i.MX_TIM2_Init) refers to main.o(i._Error_Handler) for _Error_Handler
    tim.o(i.MX_TIM2_Init) refers to stm32f1xx_hal_tim.o(i.HAL_TIM_ConfigClockSource) for HAL_TIM_ConfigClockSource
    tim.o(i.MX_TIM2_Init) refers to stm32f1xx_hal_tim_ex.o(i.HAL_TIMEx_MasterConfigSynchronization) for HAL_TIMEx_MasterConfigSynchronization
[...]
    .text                                    0x08000236   Section        0  iusefp.o(.text)
    .text                                    0x08000236   Section        0  dadd.o(.text)
    .text                                    0x08000384   Section        0  dmul.o(.text)
    .text                                    0x08000468   Section        0  ddiv.o(.text)
    .text                                    0x08000546   Section        0  dfixul.o(.text)
    .text                                    0x08000578   Section       48  cdrcmple.o(.text)
    .text                                    0x080005a8   Section       36  init.o(.text)
    .text                                    0x080005cc   Section        0  llshl.o(.text)
    .text                                    0x080005ea   Section        0  llsshr.o(.text)
    .text                                    0x0800060e   Section        0  depilogue.o(.text)
    i.BusFault_Handler                       0x080006c8   Section        0  stm32f1xx_it.o(i.BusFault_Handler)
    i.DHT11_Check                            0x080006cc   Section        0  dht11.o(i.DHT11_Check)
    i.DHT11_IO_IN                            0x08000720   Section        0  dht11.o(i.DHT11_IO_IN)
    i.DHT11_IO_OUT                           0x08000764   Section        0  dht11.o(i.DHT11_IO_OUT)
    i.DHT11_Init                             0x080007a8   Section        0  dht11.o(i.DHT11_Init)
    i.DHT11_Read_Bit                         0x08000818   Section        0  dht11.o(i.DHT11_Read_Bit)
    i.DHT11_Read_Byte                        0x0800086c   Section        0  dht11.o(i.DHT11_Read_Byte)
    i.DHT11_Read_Data                        0x08000882   Section        0  dht11.o(i.DHT11_Read_Data)
    i.DHT11_Rst                              0x080008cc   Section        0  dht11.o(i.DHT11_Rst)
    i.DebugMon_Handler                       0x08000900   Section        0  stm32f1xx_it.o(i.DebugMon_Handler)
    i.EXTI15_10_IRQHandler                   0x08000902   Section        0  stm32f1xx_it.o(i.EXTI15_10_IRQHandler)
    i.EXTI9_5_IRQHandler                     0x08000928   Section        0  stm32f1xx_it.o(i.EXTI9_5_IRQHandler)
    i.Get_Check                              0x08000930   Section        0  hongwai.o(i.Get_Check)
    Get_Check                                0x08000931   Thumb Code    26  hongwai.o(i.Get_Check)
    i.HAL_DMA_Abort_IT                       0x0800094c   Section        0  stm32f1xx_hal_dma.o(i.HAL_DMA_Abort_IT)
    i.HAL_GPIO_EXTI_Callback                 0x080009f0   Section        0  main.o(i.HAL_GPIO_EXTI_Callback)
    i.HAL_GPIO_EXTI_IRQHandler               0x08000af8   Section        0  stm32f1xx_hal_gpio.o(i.HAL_GPIO_EXTI_IRQHandler)
    i.HAL_GPIO_Init                          0x08000b10   Section        0  stm32f1xx_hal_gpio.o(i.HAL_GPIO_Init)
    i.HAL_GPIO_ReadPin                       0x08000d00   Section        0  stm32f1xx_hal_gpio.o(i.HAL_GPIO_ReadPin)
    i.HAL_GPIO_TogglePin                     0x08000d0e   Section        0  stm32f1xx_hal_gpio.o(i.HAL_GPIO_TogglePin)
    i.HAL_GPIO_WritePin                      0x08000d16   Section        0  stm32f1xx_hal_gpio.o(i.HAL_GPIO_WritePin)
    i.HAL_GetTick                            0x08000d24   Section        0  stm32f1xx_hal.o(i.HAL_GetTick)
    i.HAL_I2C_Init                           0x08000d30   Section        0  stm32f1xx_hal_i2c.o(i.HAL_I2C_Init)
    i.HAL_I2C_Mem_Write                      0x08000e40   Section        0  stm32f1xx_hal_i2c.o(i.HAL_I2C_Mem_Write)
    i.HAL_I2C_MspInit                        0x08000fd0   Section        0  i2c.o(i.HAL_I2C_MspInit)
    i.HAL_IncTick                            0x08001014   Section        0  stm32f1xx_hal.o(i.HAL_IncTick)
    i.HAL_Init                               0x08001024   Section        0  stm32f1xx_hal.o(i.HAL_Init)
    i.HAL_InitTick                           0x08001048   Section        0  stm32f1xx_hal.o(i.HAL_InitTick)
    i.HAL_MspInit                            0x08001070   Section        0  stm32f1xx_hal_msp.o(i.HAL_MspInit)
    i.HAL_NVIC_EnableIRQ                     0x080010f4   Section        0  stm32f1xx_hal_cortex.o(i.HAL_NVIC_EnableIRQ)
    i.HAL_NVIC_SetPriority                   0x0800110c   Section        0  stm32f1xx_hal_cortex.o(i.HAL_NVIC_SetPriority)
    i.HAL_NVIC_SetPriorityGrouping           0x08001174   Section        0  stm32f1xx_hal_cortex.o(i.HAL_NVIC_SetPriorityGrouping)
    i.HAL_NVIC_SystemReset                   0x08001198   Section        0  stm32f1xx_hal_cortex.o(i.HAL_NVIC_SystemReset)
    i.HAL_RCC_ClockConfig                    0x080011bc   Section        0  stm32f1xx_hal_rcc.o(i.HAL_RCC_ClockConfig)
    i.HAL_RCC_GetHCLKFreq                    0x08001358   Section        0  stm32f1xx_hal_rcc.o(i.HAL_RCC_GetHCLKFreq)
    i.HAL_RCC_GetPCLK1Freq                   0x08001364   Section        0  stm32f1xx_hal_rcc.o(i.HAL_RCC_GetPCLK1Freq)
    i.HAL_RCC_GetPCLK2Freq                   0x08001384   Section        0  stm32f1xx_hal_rcc.o(i.HAL_RCC_GetPCLK2Freq)
    i.HAL_RCC_GetSysClockFreq                0x080013a4   Section        0  stm32f1xx_hal_rcc.o(i.HAL_RCC_GetSysClockFreq)
    i.HAL_RCC_OscConfig                      0x0800141c   Section        0  stm32f1xx_hal_rcc.o(i.HAL_RCC_OscConfig)
    i.HAL_SYSTICK_CLKSourceConfig            0x0800181c   Section        0  stm32f1xx_hal_cortex.o(i.HAL_SYSTICK_CLKSourceConfig)
    i.HAL_SYSTICK_Callback                   0x08001838   Section        0  stm32f1xx_hal_cortex.o(i.HAL_SYSTICK_Callback)
    i.HAL_SYSTICK_Config                     0x0800183c   Section        0  stm32f1xx_hal_cortex.o(i.HAL_SYSTICK_Config)
    i.HAL_SYSTICK_IRQHandler                 0x08001864   Section        0  stm32f1xx_hal_cortex.o(i.HAL_SYSTICK_IRQHandler)
    i.HAL_TIMEx_BreakCallback                0x0800186c   Section        0  stm32f1xx_hal_tim_ex.o(i.HAL_TIMEx_BreakCallback)
    i.HAL_TIMEx_CommutationCallback          0x0800186e   Section        0  stm32f1xx_hal_tim_ex.o(i.HAL_TIMEx_CommutationCallback)
    i.HAL_TIMEx_MasterConfigSynchronization  0x08001870   Section        0  stm32f1xx_hal_tim_ex.o(i.HAL_TIMEx_MasterConfigSynchronization)
    i.HAL_TIM_Base_Init                      0x080018d6   Section        0  stm32f1xx_hal_tim.o(i.HAL_TIM_Base_Init)
    i.HAL_TIM_Base_MspInit                   0x08001910   Section        0  tim.o(i.HAL_TIM_Base_MspInit)
    i.HAL_TIM_Base_Start_IT                  0x08001934   Section        0  stm32f1xx_hal_tim.o(i.HAL_TIM_Base_Start_IT)
    i.HAL_TIM_ConfigClockSource              0x0800194c   Section        0  stm32f1xx_hal_tim.o(i.HAL_TIM_ConfigClockSource)
    i.HAL_TIM_IC_CaptureCallback             0x08001a5c   Section        0  stm32f1xx_hal_tim.o(i.HAL_TIM_IC_CaptureCallback)
    i.HAL_TIM_IRQHandler                     0x08001a5e   Section        0  stm32f1xx_hal_tim.o(i.HAL_TIM_IRQHandler)
    i.HAL_TIM_OC_DelayElapsedCallback        0x08001bd2   Section        0  stm32f1xx_hal_tim.o(i.HAL_TIM_OC_DelayElapsedCallback)
    i.HAL_TIM_PWM_PulseFinishedCallback      0x08001bd4   Section        0  stm32f1xx_hal_tim.o(i.HAL_TIM_PWM_PulseFinishedCallback)
    i.HAL_TIM_PeriodElapsedCallback          0x08001bd8   Section        0  gizwits_product.o(i.HAL_TIM_PeriodElapsedCallback)
    i.HAL_TIM_TriggerCallback                0x08001bf8   Section        0  stm32f1xx_hal_tim.o(i.HAL_TIM_TriggerCallback)
    i.HAL_UART_ErrorCallback                 0x08001bfa   Section        0  stm32f1xx_hal_uart.o(i.HAL_UART_ErrorCallback)
    i.HAL_UART_IRQHandler                    0x08001bfc   Section        0  stm32f1xx_hal_uart.o(i.HAL_UART_IRQHandler)
    i.HAL_UART_Init                          0x08001d34   Section        0  stm32f1xx_hal_uart.o(i.HAL_UART_Init)
    i.HAL_UART_MspInit                       0x08001d98   Section        0  usart.o(i.HAL_UART_MspInit)
    i.HAL_UART_Receive_IT                    0x08001e88   Section        0  stm32f1xx_hal_uart.o(i.HAL_UART_Receive_IT)
    i.HAL_UART_RxCpltCallback                0x08001ee0   Section        0  gizwits_product.o(i.HAL_UART_RxCpltCallback)
    i.HAL_UART_Transmit                      0x08001fb8   Section        0  stm32f1xx_hal_uart.o(i.HAL_UART_Transmit)
    i.HAL_UART_Transmit_IT                   0x08002094   Section        0  stm32f1xx_hal_uart.o(i.HAL_UART_Transmit_IT)
    i.HAL_UART_TxCpltCallback                0x080020d6   Section        0  stm32f1xx_hal_uart.o(i.HAL_UART_TxCpltCallback)
    i.HW_Send_Data                           0x080020d8   Section        0  hongwai.o(i.HW_Send_Data)
    i.HardFault_Handler                      0x08002100   Section        0  stm32f1xx_it.o(i.HardFault_Handler)
    i.I2C_IsAcknowledgeFailed                0x08002102   Section        0  stm32f1xx_hal_i2c.o(i.I2C_IsAcknowledgeFailed)
    I2C_IsAcknowledgeFailed                  0x08002103   Thumb Code    42  stm32f1xx_hal_i2c.o(i.I2C_IsAcknowledgeFailed)
    i.I2C_RequestMemoryWrite                 0x0800212c   Section        0  stm32f1xx_hal_i2c.o(i.I2C_RequestMemoryWrite)
    I2C_RequestMemoryWrite                   0x0800212d   Thumb Code   210  stm32f1xx_hal_i2c.o(i.I2C_RequestMemoryWrite)
    i.I2C_WaitOnBTFFlagUntilTimeout          0x08002204   Section        0  stm32f1xx_hal_i2c.o(i.I2C_WaitOnBTFFlagUntilTimeout)
    I2C_WaitOnBTFFlagUntilTimeout            0x08002205   Thumb Code    88  stm32f1xx_hal_i2c.o(i.I2C_WaitOnBTFFlagUntilTimeout)
    i.I2C_WaitOnFlagUntilTimeout             0x0800225c   Section        0  stm32f1xx_hal_i2c.o(i.I2C_WaitOnFlagUntilTimeout)
    I2C_WaitOnFlagUntilTimeout               0x0800225d   Thumb Code   180  stm32f1xx_hal_i2c.o(i.I2C_WaitOnFlagUntilTimeout)
    i.I2C_WaitOnMasterAddressFlagUntilTimeout 0x08002310   Section        0  stm32f1xx_hal_i2c.o(i.I2C_WaitOnMasterAddressFlagUntilTimeout)
    I2C_WaitOnMasterAddressFlagUntilTimeout  0x08002311   Thumb Code   186  stm32f1xx_hal_i2c.o(i.I2C_WaitOnMasterAddressFlagUntilTimeout)
    i.I2C_WaitOnTXEFlagUntilTimeout          0x080023ca   Section        0  stm32f1xx_hal_i2c.o(i.I2C_WaitOnTXEFlagUntilTimeout)
    I2C_WaitOnTXEFlagUntilTimeout            0x080023cb   Thumb Code    88  stm32f1xx_hal_i2c.o(i.I2C_WaitOnTXEFlagUntilTimeout)
    i.IR_Learn_Pack                          0x08002422   Section        0  hongwai.o(i.IR_Learn_Pack)
    i.IR_Send_Pack                           0x08002450   Section        0  hongwai.o(i.IR_Send_Pack)
    i.MX_GPIO_Init                           0x0800247c   Section        0  gpio.o(i.MX_GPIO_Init)
    i.MX_I2C1_Init                           0x08002580   Section        0  i2c.o(i.MX_I2C1_Init)
    i.MX_TIM2_Init                           0x080025d4   Section        0  tim.o(i.MX_TIM2_Init)
    i.MX_USART1_UART_Init                    0x08002648   Section        0  usart.o(i.MX_USART1_UART_Init)
    i.MX_USART2_UART_Init                    0x08002694   Section        0  usart.o(i.MX_USART2_UART_Init)
    i.MX_USART3_UART_Init                    0x080026e0   Section        0  usart.o(i.MX_USART3_UART_Init)
    i.MemManage_Handler                      0x0800272c   Section        0  stm32f1xx_it.o(i.MemManage_Handler)
    i.NMI_Handler                            0x0800272e   Section        0  stm32f1xx_it.o(i.NMI_Handler)
    i.OLED_Set_Pos                           0x08002730   Section        0  oled.o(i.OLED_Set_Pos)
    i.OLED_ShowChar                          0x0800275c   Section        0  oled.o(i.OLED_ShowChar)
    i.OLED_ShowNum                           0x080027e8   Section        0  oled.o(i.OLED_ShowNum)
    i.OLED_ShowString                        0x08002852   Section        0  oled.o(i.OLED_ShowString)
    i.OLED_WR_Byte                           0x08002888   Section        0  oled.o(i.OLED_WR_Byte)
    i.PendSV_Handler                         0x08002894   Section        0  stm32f1xx_it.o(i.PendSV_Handler)
    i.RCC_Delay                              0x08002898   Section        0  stm32f1xx_hal_rcc.o(i.RCC_Delay)
    RCC_Delay                                0x08002899   Thumb Code    32  stm32f1xx_hal_rcc.o(i.RCC_Delay)
    i.SVC_Handler                            0x080028bc   Section        0  stm32f1xx_it.o(i.SVC_Handler)
    i.SysTick_Handler                        0x080028be   Section        0  stm32f1xx_it.o(i.SysTick_Handler)
    i.SystemClock_Config                     0x080028cc   Section        0  main.o(i.SystemClock_Config)
    i.SystemInit                             0x08002934   Section        0  system_stm32f1xx.o(i.SystemInit)
    i.TIM2_IRQHandler                        0x0800297c   Section        0  stm32f1xx_it.o(i.TIM2_IRQHandler)
    i.TIM_Base_SetConfig                     0x08002988   Section        0  stm32f1xx_hal_tim.o(i.TIM_Base_SetConfig)
    i.TIM_ETR_SetConfig                      0x08002a00   Section        0  stm32f1xx_hal_tim.o(i.TIM_ETR_SetConfig)
    TIM_ETR_SetConfig                        0x08002a01   Thumb Code    22  stm32f1xx_hal_tim.o(i.TIM_ETR_SetConfig)
    i.TIM_ITRx_SetConfig                     0x08002a16   Section        0  stm32f1xx_hal_tim.o(i.TIM_ITRx_SetConfig)
    TIM_ITRx_SetConfig                       0x08002a17   Thumb Code    16  stm32f1xx_hal_tim.o(i.TIM_ITRx_SetConfig)
    i.TIM_TI1_ConfigInputStage               0x08002a26   Section        0  stm32f1xx_hal_tim.o(i.TIM_TI1_ConfigInputStage)
    TIM_TI1_ConfigInputStage                 0x08002a27   Thumb Code    38  stm32f1xx_hal_tim.o(i.TIM_TI1_ConfigInputStage)
    i.TIM_TI2_ConfigInputStage               0x08002a4c   Section        0  stm32f1xx_hal_tim.o(i.TIM_TI2_ConfigInputStage)
    TIM_TI2_ConfigInputStage                 0x08002a4d   Thumb Code    36  stm32f1xx_hal_tim.o(i.TIM_TI2_ConfigInputStage)
    i.UART_DMAAbortOnError                   0x08002a70   Section        0  stm32f1xx_hal_uart.o(i.UART_DMAAbortOnError)
    UART_DMAAbortOnError                     0x08002a71   Thumb Code    16  stm32f1xx_hal_uart.o(i.UART_DMAAbortOnError)
    i.UART_EndRxTransfer                     0x08002a80   Section        0  stm32f1xx_hal_uart.o(i.UART_EndRxTransfer)
    UART_EndRxTransfer                       0x08002a81   Thumb Code    28  stm32f1xx_hal_uart.o(i.UART_EndRxTransfer)
    i.UART_EndTransmit_IT                    0x08002a9c   Section        0  stm32f1xx_hal_uart.o(i.UART_EndTransmit_IT)
    UART_EndTransmit_IT                      0x08002a9d   Thumb Code    26  stm32f1xx_hal_uart.o(i.UART_EndTransmit_IT)
    i.UART_Receive_IT                        0x08002ab6   Section        0  stm32f1xx_hal_uart.o(i.UART_Receive_IT)
    UART_Receive_IT                          0x08002ab7   Thumb Code   156  stm32f1xx_hal_uart.o(i.UART_Receive_IT)
    i.UART_SetConfig                         0x08002b54   Section        0  stm32f1xx_hal_uart.o(i.UART_SetConfig)
    UART_SetConfig                           0x08002b55   Thumb Code   432  stm32f1xx_hal_uart.o(i.UART_SetConfig)
    i.UART_Transmit_IT                       0x08002d08   Section        0  stm32f1xx_hal_uart.o(i.UART_Transmit_IT)
    UART_Transmit_IT                         0x08002d09   Thumb Code   102  stm32f1xx_hal_uart.o(i.UART_Transmit_IT)
    i.UART_WaitOnFlagUntilTimeout            0x08002d6e   Section        0  stm32f1xx_hal_uart.o(i.UART_WaitOnFlagUntilTimeout)
    UART_WaitOnFlagUntilTimeout              0x08002d6f   Thumb Code   120  stm32f1xx_hal_uart.o(i.UART_WaitOnFlagUntilTimeout)
    i.USART1_IRQHandler                      0x08002de8   Section        0  stm32f1xx_it.o(i.USART1_IRQHandler)
    i.USART2_IRQHandler                      0x08002df4   Section        0  stm32f1xx_it.o(i.USART2_IRQHandler)
    i.USART3_IRQHandler                      0x08002e00   Section        0  stm32f1xx_it.o(i.USART3_IRQHandler)
    i.UsageFault_Handler                     0x08002e0c   Section        0  stm32f1xx_it.o(i.UsageFault_Handler)
    i.Write_IIC_Command                      0x08002e10   Section        0  oled.o(i.Write_IIC_Command)
    i.Write_IIC_Data                         0x08002e34   Section        0  oled.o(i.Write_IIC_Data)
    i._Error_Handler                         0x08002e58   Section        0  main.o(i._Error_Handler)
    i.__0printf                              0x08002e5c   Section        0  printfa.o(i.__0printf)
    i.__0vsnprintf                           0x08002e7c   Section        0  printfa.o(i.__0vsnprintf)
    i.__scatterload_copy                     0x08002ea8   Section       14  handlers.o(i.__scatterload_copy)
    i.__scatterload_null                     0x08002eb6   Section        2  handlers.o(i.__scatterload_null)
    i.__scatterload_zeroinit                 0x08002eb8   Section       14  handlers.o(i.__scatterload_zeroinit)
    i._fp_digits                             0x08002ec8   Section        0  printfa.o(i._fp_digits)
    _fp_digits                               0x08002ec9   Thumb Code   366  printfa.o(i._fp_digits)
    i._printf_core                           0x0800304c   Section        0  printfa.o(i._printf_core)
    _printf_core                             0x0800304d   Thumb Code  1744  printfa.o(i._printf_core)
    i._printf_post_padding                   0x08003728   Section        0  printfa.o(i._printf_post_padding)
    _printf_post_padding                     0x08003729   Thumb Code    36  printfa.o(i._printf_post_padding)
    i._printf_pre_padding                    0x0800374c   Section        0  printfa.o(i._printf_pre_padding)
    _printf_pre_padding                      0x0800374d   Thumb Code    46  printfa.o(i._printf_pre_padding)
    i._snputc                                0x0800377a   Section        0  printfa.o(i._snputc)
    _snputc                                  0x0800377b   Thumb Code    22  printfa.o(i._snputc)
    i.calculateDynamicBitPartLen             0x08003790   Section        0  gizwits_protocol.o(i.calculateDynamicBitPartLen)
    i.delay_init                             0x080037b8   Section        0  delay.o(i.delay_init)
    i.delay_ms                               0x080037cc   Section        0  delay.o(i.delay_ms)
    i.delay_us                               0x080037e8   Section        0  delay.o(i.delay_us)
    i.exchangeBytes                          0x0800381c   Section        0  common.o(i.exchangeBytes)
    i.exchangeWord                           0x0800383c   Section        0  common.o(i.exchangeWord)
    i.fputc                                  0x08003840   Section        0  gizwits_product.o(i.fputc)
    i.free                                   0x08003858   Section        0  malloc.o(i.free)
    i.getKey                                 0x080038a8   Section        0  hal_key.o(i.getKey)
    i.gizAcrossByteJudge                     0x08003904   Section        0  datapointtools.o(i.gizAcrossByteJudge)
    i.gizByteOrderExchange                   0x08003922   Section        0  datapointtools.o(i.gizByteOrderExchange)
    i.gizCheckReport                         0x08003948   Section        0  gizwits_protocol.o(i.gizCheckReport)
    gizCheckReport                           0x08003949   Thumb Code   226  gizwits_protocol.o(i.gizCheckReport)
    i.gizDataPoint2Event                     0x08003ad0   Section        0  gizwits_protocol.o(i.gizDataPoint2Event)
    gizDataPoint2Event                       0x08003ad1   Thumb Code   182  gizwits_protocol.o(i.gizDataPoint2Event)
    i.gizDataPoints2ReportData               0x08003bb4   Section        0  gizwits_protocol.o(i.gizDataPoints2ReportData)
    gizDataPoints2ReportData                 0x08003bb5   Thumb Code   240  gizwits_protocol.o(i.gizDataPoints2ReportData)
    i.gizDevReportPolicy                     0x08003d3c   Section        0  gizwits_protocol.o(i.gizDevReportPolicy)
    gizDevReportPolicy                       0x08003d3d   Thumb Code   166  gizwits_protocol.o(i.gizDevReportPolicy)
    i.gizGetTimerCount                       0x08003e20   Section        0  gizwits_product.o(i.gizGetTimerCount)
    i.gizProtocolAckHandle                   0x08003e2c   Section        0  gizwits_protocol.o(i.gizProtocolAckHandle)
    gizProtocolAckHandle                     0x08003e2d   Thumb Code    78  gizwits_protocol.o(i.gizProtocolAckHandle)
    i.gizProtocolCommonAck                   0x08003ea8   Section        0  gizwits_protocol.o(i.gizProtocolCommonAck)
    gizProtocolCommonAck                     0x08003ea9   Thumb Code    80  gizwits_protocol.o(i.gizProtocolCommonAck)
    i.gizProtocolErrorCmd                    0x08003f40   Section        0  gizwits_protocol.o(i.gizProtocolErrorCmd)
    gizProtocolErrorCmd                      0x08003f41   Thumb Code    88  gizwits_protocol.o(i.gizProtocolErrorCmd)
    i.gizProtocolGetDeviceInfo               0x08003fe0   Section        0  gizwits_protocol.o(i.gizProtocolGetDeviceInfo)
    gizProtocolGetDeviceInfo                 0x08003fe1   Thumb Code   180  gizwits_protocol.o(i.gizProtocolGetDeviceInfo)
    i.gizProtocolGetOnePacket                0x08004158   Section        0  gizwits_protocol.o(i.gizProtocolGetOnePacket)
    gizProtocolGetOnePacket                  0x08004159   Thumb Code   266  gizwits_protocol.o(i.gizProtocolGetOnePacket)
    i.gizProtocolHeadInit                    0x08004298   Section        0  gizwits_protocol.o(i.gizProtocolHeadInit)
    gizProtocolHeadInit                      0x08004299   Thumb Code    32  gizwits_protocol.o(i.gizProtocolHeadInit)
    i.gizProtocolIssuedDataAck               0x080042e4   Section        0  gizwits_protocol.o(i.gizProtocolIssuedDataAck)
    gizProtocolIssuedDataAck                 0x080042e5   Thumb Code   198  gizwits_protocol.o(i.gizProtocolIssuedDataAck)
    i.gizProtocolIssuedProcess               0x08004404   Section        0  gizwits_protocol.o(i.gizProtocolIssuedProcess)
    gizProtocolIssuedProcess                 0x08004405   Thumb Code   216  gizwits_protocol.o(i.gizProtocolIssuedProcess)
    i.gizProtocolModuleStatus                0x08004558   Section        0  gizwits_protocol.o(i.gizProtocolModuleStatus)
    gizProtocolModuleStatus                  0x08004559   Thumb Code   574  gizwits_protocol.o(i.gizProtocolModuleStatus)
    i.gizProtocolNTP                         0x0800496c   Section        0  gizwits_protocol.o(i.gizProtocolNTP)
    gizProtocolNTP                           0x0800496d   Thumb Code    88  gizwits_protocol.o(i.gizProtocolNTP)
    i.gizProtocolResendData                  0x080049dc   Section        0  gizwits_protocol.o(i.gizProtocolResendData)
    gizProtocolResendData                    0x080049dd   Thumb Code    52  gizwits_protocol.o(i.gizProtocolResendData)
    i.gizProtocolSum                         0x08004a4c   Section        0  common.o(i.gizProtocolSum)
    i.gizProtocolWaitAck                     0x08004a70   Section        0  gizwits_protocol.o(i.gizProtocolWaitAck)
    gizProtocolWaitAck                       0x08004a71   Thumb Code    64  gizwits_protocol.o(i.gizProtocolWaitAck)
    i.gizProtocolWaitAckCheck                0x08004acc   Section        0  gizwits_protocol.o(i.gizProtocolWaitAckCheck)
    gizProtocolWaitAckCheck                  0x08004acd   Thumb Code    42  gizwits_protocol.o(i.gizProtocolWaitAckCheck)
    i.gizPutData                             0x08004b14   Section        0  gizwits_protocol.o(i.gizPutData)
    i.gizReportData                          0x08004b88   Section        0  gizwits_protocol.o(i.gizReportData)
    gizReportData                            0x08004b89   Thumb Code   142  gizwits_protocol.o(i.gizReportData)
    i.gizTimerMs                             0x08004c60   Section        0  gizwits_product.o(i.gizTimerMs)
    i.gizVarlenCompressValue                 0x08004c70   Section        0  datapointtools.o(i.gizVarlenCompressValue)
    i.gizVarlenDecompressionValue            0x08004cba   Section        0  datapointtools.o(i.gizVarlenDecompressionValue)
    i.gizX2Y                                 0x08004d3e   Section        0  datapointtools.o(i.gizX2Y)
    i.gizY2X                                 0x08004d44   Section        0  datapointtools.o(i.gizY2X)
    i.gizwitsEventProcess                    0x08004d4c   Section        0  gizwits_product.o(i.gizwitsEventProcess)
    i.gizwitsHandle                          0x08004ec8   Section        0  gizwits_protocol.o(i.gizwitsHandle)
    i.gizwitsInit                            0x08005208   Section        0  gizwits_protocol.o(i.gizwitsInit)
    i.gizwitsSetMode                         0x08005264   Section        0  gizwits_protocol.o(i.gizwitsSetMode)
    i.keyHandle                              0x08005378   Section        0  hal_key.o(i.keyHandle)
    i.main                                   0x080053f4   Section        0  main.o(i.main)
    i.main_page_data                         0x08005560   Section        0  oled.o(i.main_page_data)
    i.mcuRestart                             0x080055e8   Section        0  gizwits_product.o(i.mcuRestart)
    i.oled_pow                               0x080055f2   Section        0  oled.o(i.oled_pow)
    i.rbCanRead                              0x08005602   Section        0  ringbuffer.o(i.rbCanRead)
    i.rbCanWrite                             0x08005634   Section        0  ringbuffer.o(i.rbCanWrite)
    i.rbCapacity                             0x08005650   Section        0  ringbuffer.o(i.rbCapacity)
    i.rbCreate                               0x0800565c   Section        0  ringbuffer.o(i.rbCreate)
    i.rbRead                                 0x0800566e   Section        0  ringbuffer.o(i.rbRead)
    i.rbWrite                                0x080056ec   Section        0  ringbuffer.o(i.rbWrite)
    i.readKeyValue                           0x0800577c   Section        0  hal_key.o(i.readKeyValue)
    i.timerInit                              0x08005804   Section        0  gizwits_product.o(i.timerInit)
    i.u3_printf                              0x08005810   Section        0  hongwai.o(i.u3_printf)
    i.uartInit                               0x0800584c   Section        0  gizwits_product.o(i.uartInit)
    i.uartWrite                              0x08005884   Section        0  gizwits_product.o(i.uartWrite)
    i.userHandle                             0x0800593c   Section        0  gizwits_product.o(i.userHandle)
    i.userInit                               0x08005940   Section        0  gizwits_product.o(i.userInit)
    .constdata                               0x08005960   Section     3224  oled.o(.constdata)
    Hzk                                      0x08006178   Data        1152  oled.o(.constdata)
    .constdata                               0x080065f8   Section       16  system_stm32f1xx.o(.constdata)
    .constdata                               0x08006608   Section        8  system_stm32f1xx.o(.constdata)
    .data                                    0x20000000   Section        5  main.o(.data)
    .data                                    0x20000005   Section        3  hongwai.o(.data)
    .data                                    0x20000008   Section       12  gizwits_product.o(.data)
    timerMsCount                             0x20000010   Data           4  gizwits_product.o(.data)
    .data                                    0x20000014   Section       16  gizwits_protocol.o(.data)
    protocolFlag                             0x20000014   Data           1  gizwits_protocol.o(.data)
    lastData                                 0x20000015   Data           1  gizwits_protocol.o(.data)
    debugCount                               0x20000016   Data           1  gizwits_protocol.o(.data)
    protocolCount                            0x20000018   Data           2  gizwits_protocol.o(.data)
    lastStatus                               0x2000001a   Data           2  gizwits_protocol.o(.data)
    lastReportTime                           0x2000001c   Data           4  gizwits_protocol.o(.data)
    lastRepTime                              0x20000020   Data           4  gizwits_protocol.o(.data)
    .data                                    0x20000024   Section        4  delay.o(.data)
    fac_us                                   0x20000024   Data           4  delay.o(.data)
    .data                                    0x20000028   Section       10  hal_key.o(.data)
    keyTotolNum                              0x20000028   Data           1  hal_key.o(.data)
    keyCheck                                 0x20000029   Data           1  hal_key.o(.data)
    keyState                                 0x2000002a   Data           1  hal_key.o(.data)
    key_total                                0x2000002b   Data           1  hal_key.o(.data)
    keyLongCheck                             0x2000002e   Data           2  hal_key.o(.data)
    keyPrev                                  0x20000030   Data           2  hal_key.o(.data)
    .data                                    0x20000034   Section        4  system_stm32f1xx.o(.data)
    .data                                    0x20000038   Section        4  stm32f1xx_hal.o(.data)
    .data                                    0x2000003c   Section        4  stdout.o(.data)
    .data                                    0x20000040   Section        4  mvars.o(.data)
    .bss                                     0x20000044   Section      128  main.o(.bss)
    .bss                                     0x200000c4   Section       84  i2c.o(.bss)
    .bss                                     0x20000118   Section       64  tim.o(.bss)
    .bss                                     0x20000158   Section      192  usart.o(.bss)
    .bss                                     0x20000218   Section      220  gizwits_product.o(.bss)
    .bss                                     0x200002f4   Section      374  gizwits_protocol.o(.bss)
    rbBuf                                    0x20000438   Data          50  gizwits_protocol.o(.bss)
    STACK                                    0x20000470   Section     8192  startup_stm32f103xb.o(STACK)

    Global Symbols

    Symbol Name                              Value     Ov Type        Size  Object(Section)

    BuildAttributes$$THM_ISAv4$P$D$K$B$S$PE$A:L22UL41UL21$X:L11$S22US41US21$IEEE1$IW$USESV6$~STKCKD$USESV7$~SHL$OTIME$ROPI$EBA8$MICROLIB$REQ8$PRES8$EABIv2 0x00000000   Number         0  anon$$obj.o ABSOLUTE
    __ARM_use_no_argv                        0x00000000   Number         0  main.o ABSOLUTE
    _printf_a                                0x00000000   Number         0  stubs.o ABSOLUTE
    _printf_c                                0x00000000   Number         0  stubs.o ABSOLUTE
    _printf_charcount                        0x00000000   Number         0  stubs.o ABSOLUTE
    _printf_d                                0x00000000   Number         0  stubs.o ABSOLUTE
    _printf_e                                0x00000000   Number         0  stubs.o ABSOLUTE
    _printf_f                                0x00000000   Number         0  stubs.o ABSOLUTE
    _printf_flags                            0x00000000   Number         0  stubs.o ABSOLUTE
    _printf_fp_dec                           0x00000000   Number         0  stubs.o ABSOLUTE
    _printf_fp_hex                           0x00000000   Number         0  stubs.o ABSOLUTE
    _printf_g                                0x00000000   Number         0  stubs.o ABSOLUTE
    _printf_i                                0x00000000   Number         0  stubs.o ABSOLUTE
    _printf_int_dec                          0x00000000   Number         0  stubs.o ABSOLUTE
    _printf_l                                0x00000000   Number         0  stubs.o ABSOLUTE
    _printf_lc                               0x00000000   Number         0  stubs.o ABSOLUTE
    _printf_ll                               0x00000000   Number         0  stubs.o ABSOLUTE
    _printf_lld                              0x00000000   Number         0  stubs.o ABSOLUTE
    _printf_lli                              0x00000000   Number         0  stubs.o ABSOLUTE
    _printf_llo                              0x00000000   Number         0  stubs.o ABSOLUTE
    _printf_llu                              0x00000000   Number         0  stubs.o ABSOLUTE
    _printf_llx                              0x00000000   Number         0  stubs.o ABSOLUTE
    _printf_longlong_dec                     0x00000000   Number         0  stubs.o ABSOLUTE
    _printf_longlong_hex                     0x00000000   Number         0  stubs.o ABSOLUTE
    _printf_longlong_oct                     0x00000000   Number         0  stubs.o ABSOLUTE
    _printf_ls                               0x00000000   Number         0  stubs.o ABSOLUTE
    _printf_mbtowc                           0x00000000   Number         0  stubs.o ABSOLUTE
    _printf_n                                0x00000000   Number         0  stubs.o ABSOLUTE
    _printf_o                                0x00000000   Number         0  stubs.o ABSOLUTE
    _printf_p                                0x00000000   Number         0  stubs.o ABSOLUTE
    _printf_percent                          0x00000000   Number         0  stubs.o ABSOLUTE
    _printf_pre_padding                      0x00000000   Number         0  stubs.o ABSOLUTE
    _printf_return_value                     0x00000000   Number         0  stubs.o ABSOLUTE
    _printf_s                                0x00000000   Number         0  stubs.o ABSOLUTE
    _printf_sizespec                         0x00000000   Number         0  stubs.o ABSOLUTE
    _printf_str                              0x00000000   Number         0  stubs.o ABSOLUTE
    _printf_truncate_signed                  0x00000000   Number         0  stubs.o ABSOLUTE
    _printf_truncate_unsigned                0x00000000   Number         0  stubs.o ABSOLUTE
    _printf_u                                0x00000000   Number         0  stubs.o ABSOLUTE
    _printf_wc                               0x00000000   Number         0  stubs.o ABSOLUTE
    _printf_wctomb                           0x00000000   Number         0  stubs.o ABSOLUTE
    _printf_widthprec                        0x00000000   Number         0  stubs.o ABSOLUTE
    _printf_x                                0x00000000   Number         0  stubs.o ABSOLUTE
    __cpp_initialize__aeabi_                  - Undefined Weak Reference
    __cxa_finalize                            - Undefined Weak Reference
    __decompress                              - Undefined Weak Reference
    _clock_init                               - Undefined Weak Reference
    _microlib_exit                            - Undefined Weak Reference
    __Vectors_Size                           0x000000ec   Number         0  startup_stm32f103xb.o ABSOLUTE
    __Vectors                                0x08000000   Data           4  startup_stm32f103xb.o(RESET)
    __Vectors_End                            0x080000ec   Data           0  startup_stm32f103xb.o(RESET)
    __main                                   0x080000ed   Thumb Code     0  entry.o(.ARM.Collect$$$$00000000)
    _main_stk                                0x080000ed   Thumb Code     0  entry2.o(.ARM.Collect$$$$00000001)
    _main_scatterload                        0x080000f1   Thumb Code     0  entry5.o(.ARM.Collect$$$$00000004)
    __main_after_scatterload                 0x080000f5   Thumb Code     0  entry5.o(.ARM.Collect$$$$00000004)
    _main_clock                              0x080000f5   Thumb Code     0  entry7b.o(.ARM.Collect$$$$00000008)
    _main_cpp_init                           0x080000f5   Thumb Code     0  entry8b.o(.ARM.Collect$$$$0000000A)
    _main_init                               0x080000f5   Thumb Code     0  entry9a.o(.ARM.Collect$$$$0000000B)
    __rt_final_cpp                           0x080000fd   Thumb Code     0  entry10a.o(.ARM.Collect$$$$0000000D)
    __rt_final_exit                          0x080000fd   Thumb Code     0  entry11a.o(.ARM.Collect$$$$0000000F)
    Reset_Handler                            0x08000101   Thumb Code     8  startup_stm32f103xb.o(.text)
    ADC1_2_IRQHandler                        0x0800011b   Thumb Code     0  startup_stm32f103xb.o(.text)
    CAN1_RX1_IRQHandler                      0x0800011b   Thumb Code     0  startup_stm32f103xb.o(.text)
    CAN1_SCE_IRQHandler                      0x0800011b   Thumb Code     0  startup_stm32f103xb.o(.text)
    DMA1_Channel1_IRQHandler                 0x0800011b   Thumb Code     0  startup_stm32f103xb.o(.text)
    DMA1_Channel2_IRQHandler                 0x0800011b   Thumb Code     0  startup_stm32f103xb.o(.text)
    DMA1_Channel3_IRQHandler                 0x0800011b   Thumb Code     0  startup_stm32f103xb.o(.text)
    DMA1_Channel4_IRQHandler                 0x0800011b   Thumb Code     0  startup_stm32f103xb.o(.text)
    DMA1_Channel5_IRQHandler                 0x0800011b   Thumb Code     0  startup_stm32f103xb.o(.text)
    DMA1_Channel6_IRQHandler                 0x0800011b   Thumb Code     0  startup_stm32f103xb.o(.text)
    DMA1_Channel7_IRQHandler                 0x0800011b   Thumb Code     0  startup_stm32f103xb.o(.text)
    EXTI0_IRQHandler                         0x0800011b   Thumb Code     0  startup_stm32f103xb.o(.text)
    EXTI1_IRQHandler                         0x0800011b   Thumb Code     0  startup_stm32f103xb.o(.text)
    EXTI2_IRQHandler                         0x0800011b   Thumb Code     0  startup_stm32f103xb.o(.text)
    EXTI3_IRQHandler                         0x0800011b   Thumb Code     0  startup_stm32f103xb.o(.text)
    EXTI4_IRQHandler                         0x0800011b   Thumb Code     0  startup_stm32f103xb.o(.text)
    FLASH_IRQHandler                         0x0800011b   Thumb Code     0  startup_stm32f103xb.o(.text)
    I2C1_ER_IRQHandler                       0x0800011b   Thumb Code     0  startup_stm32f103xb.o(.text)
    I2C1_EV_IRQHandler                       0x0800011b   Thumb Code     0  startup_stm32f103xb.o(.text)
    I2C2_ER_IRQHandler                       0x0800011b   Thumb Code     0  startup_stm32f103xb.o(.text)
    I2C2_EV_IRQHandler                       0x0800011b   Thumb Code     0  startup_stm32f103xb.o(.text)
    PVD_IRQHandler                           0x0800011b   Thumb Code     0  startup_stm32f103xb.o(.text)
    RCC_IRQHandler                           0x0800011b   Thumb Code     0  startup_stm32f103xb.o(.text)
    RTC_Alarm_IRQHandler                     0x0800011b   Thumb Code     0  startup_stm32f103xb.o(.text)
    RTC_IRQHandler                           0x0800011b   Thumb Code     0  startup_stm32f103xb.o(.text)
    SPI1_IRQHandler                          0x0800011b   Thumb Code     0  startup_stm32f103xb.o(.text)
    SPI2_IRQHandler                          0x0800011b   Thumb Code     0  startup_stm32f103xb.o(.text)
    TAMPER_IRQHandler                        0x0800011b   Thumb Code     0  startup_stm32f103xb.o(.text)
    TIM1_BRK_IRQHandler                      0x0800011b   Thumb Code     0  startup_stm32f103xb.o(.text)
    TIM1_CC_IRQHandler                       0x0800011b   Thumb Code     0  startup_stm32f103xb.o(.text)
    TIM1_TRG_COM_IRQHandler                  0x0800011b   Thumb Code     0  startup_stm32f103xb.o(.text)
    TIM1_UP_IRQHandler                       0x0800011b   Thumb Code     0  startup_stm32f103xb.o(.text)
    TIM3_IRQHandler                          0x0800011b   Thumb Code     0  startup_stm32f103xb.o(.text)
    TIM4_IRQHandler                          0x0800011b   Thumb Code     0  startup_stm32f103xb.o(.text)
    USBWakeUp_IRQHandler                     0x0800011b   Thumb Code     0  startup_stm32f103xb.o(.text)
    USB_HP_CAN1_TX_IRQHandler                0x0800011b   Thumb Code     0  startup_stm32f103xb.o(.text)
    USB_LP_CAN1_RX0_IRQHandler               0x0800011b   Thumb Code     0  startup_stm32f103xb.o(.text)
    WWDG_IRQHandler                          0x0800011b   Thumb Code     0  startup_stm32f103xb.o(.text)
    __aeabi_llsr                             0x08000125   Thumb Code    32  llushr.o(.text)
    _ll_ushift_r                             0x08000125   Thumb Code     0  llushr.o(.text)
    __aeabi_memcpy                           0x08000145   Thumb Code    36  memcpya.o(.text)
    __aeabi_memcpy4                          0x08000145   Thumb Code     0  memcpya.o(.text)
    __aeabi_memcpy8                          0x08000145   Thumb Code     0  memcpya.o(.text)
    __aeabi_memset                           0x08000169   Thumb Code    14  memseta.o(.text)
    __aeabi_memset4                          0x08000169   Thumb Code     0  memseta.o(.text)
    __aeabi_memset8                          0x08000169   Thumb Code     0  memseta.o(.text)
    __aeabi_memclr                           0x08000177   Thumb Code     4  memseta.o(.text)
    __aeabi_memclr4                          0x08000177   Thumb Code     0  memseta.o(.text)
    __aeabi_memclr8                          0x08000177   Thumb Code     0  memseta.o(.text)
    _memset$wrapper                          0x0800017b   Thumb Code    18  memseta.o(.text)
    strcmp                                   0x0800018d   Thumb Code    28  strcmp.o(.text)
    __aeabi_uidiv                            0x080001a9   Thumb Code     0  uidiv.o(.text)
    __aeabi_uidivmod                         0x080001a9   Thumb Code    44  uidiv.o(.text)
    __aeabi_uldivmod                         0x080001d5   Thumb Code    98  uldiv.o(.text)
    __I$use$fp                               0x08000237   Thumb Code     0  iusefp.o(.text)
    __aeabi_dadd                             0x08000237   Thumb Code   322  dadd.o(.text)
    __aeabi_dsub                             0x08000379   Thumb Code     6  dadd.o(.text)
    __aeabi_drsub                            0x0800037f   Thumb Code     6  dadd.o(.text)
    __aeabi_dmul                             0x08000385   Thumb Code   228  dmul.o(.text)
    __aeabi_ddiv                             0x08000469   Thumb Code   222  ddiv.o(.text)
    __aeabi_d2ulz                            0x08000547   Thumb Code    48  dfixul.o(.text)
    __aeabi_cdrcmple                         0x08000579   Thumb Code    48  cdrcmple.o(.text)
    __scatterload                            0x080005a9   Thumb Code    28  init.o(.text)
    __scatterload_rt2                        0x080005a9   Thumb Code     0  init.o(.text)
    __aeabi_llsl                             0x080005cd   Thumb Code    30  llshl.o(.text)
    _ll_shift_l                              0x080005cd   Thumb Code     0  llshl.o(.text)
    __aeabi_lasr                             0x080005eb   Thumb Code    36  llsshr.o(.text)
    _ll_sshift_r                             0x080005eb   Thumb Code     0  llsshr.o(.text)
    _double_round                            0x0800060f   Thumb Code    30  depilogue.o(.text)
    _double_epilogue                         0x0800062d   Thumb Code   156  depilogue.o(.text)
    BusFault_Handler                         0x080006c9   Thumb Code     2  stm32f1xx_it.o(i.BusFault_Handler)
    DHT11_Check                              0x080006cd   Thumb Code    80  dht11.o(i.DHT11_Check)
    DHT11_IO_IN                              0x08000721   Thumb Code    58  dht11.o(i.DHT11_IO_IN)
    DHT11_IO_OUT                             0x08000765   Thumb Code    58  dht11.o(i.DHT11_IO_OUT)
    DHT11_Init                               0x080007a9   Thumb Code    70  dht11.o(i.DHT11_Init)
    DHT11_Read_Bit                           0x08000819   Thumb Code    78  dht11.o(i.DHT11_Read_Bit)
    DHT11_Read_Byte                          0x0800086d   Thumb Code    22  dht11.o(i.DHT11_Read_Byte)
    DHT11_Read_Data                          0x08000883   Thumb Code    74  dht11.o(i.DHT11_Read_Data)
    DHT11_Rst                                0x080008cd   Thumb Code    48  dht11.o(i.DHT11_Rst)
    DebugMon_Handler                         0x08000901   Thumb Code     2  stm32f1xx_it.o(i.DebugMon_Handler)
    EXTI15_10_IRQHandler                     0x08000903   Thumb Code    38  stm32f1xx_it.o(i.EXTI15_10_IRQHandler)
    EXTI9_5_IRQHandler                       0x08000929   Thumb Code     8  stm32f1xx_it.o(i.EXTI9_5_IRQHandler)
    HAL_DMA_Abort_IT                         0x0800094d   Thumb Code   136  stm32f1xx_hal_dma.o(i.HAL_DMA_Abort_IT)
    HAL_GPIO_EXTI_Callback                   0x080009f1   Thumb Code   246  main.o(i.HAL_GPIO_EXTI_Callback)
    HAL_GPIO_EXTI_IRQHandler                 0x08000af9   Thumb Code    18  stm32f1xx_hal_gpio.o(i.HAL_GPIO_EXTI_IRQHandler)
    HAL_GPIO_Init                            0x08000b11   Thumb Code   484  stm32f1xx_hal_gpio.o(i.HAL_GPIO_Init)
    HAL_GPIO_ReadPin                         0x08000d01   Thumb Code    14  stm32f1xx_hal_gpio.o(i.HAL_GPIO_ReadPin)
    HAL_GPIO_TogglePin                       0x08000d0f   Thumb Code     8  stm32f1xx_hal_gpio.o(i.HAL_GPIO_TogglePin)
    HAL_GPIO_WritePin                        0x08000d17   Thumb Code    14  stm32f1xx_hal_gpio.o(i.HAL_GPIO_WritePin)
    HAL_GetTick                              0x08000d25   Thumb Code     6  stm32f1xx_hal.o(i.HAL_GetTick)
    HAL_I2C_Init                             0x08000d31   Thumb Code   262  stm32f1xx_hal_i2c.o(i.HAL_I2C_Init)
    HAL_I2C_Mem_Write                        0x08000e41   Thumb Code   390  stm32f1xx_hal_i2c.o(i.HAL_I2C_Mem_Write)
    HAL_I2C_MspInit                          0x08000fd1   Thumb Code    54  i2c.o(i.HAL_I2C_MspInit)
    HAL_IncTick                              0x08001015   Thumb Code    10  stm32f1xx_hal.o(i.HAL_IncTick)
    HAL_Init                                 0x08001025   Thumb Code    32  stm32f1xx_hal.o(i.HAL_Init)
    HAL_InitTick                             0x08001049   Thumb Code    34  stm32f1xx_hal.o(i.HAL_InitTick)
    HAL_MspInit                              0x08001071   Thumb Code   122  stm32f1xx_hal_msp.o(i.HAL_MspInit)
    HAL_NVIC_EnableIRQ                       0x080010f5   Thumb Code    24  stm32f1xx_hal_cortex.o(i.HAL_NVIC_EnableIRQ)
    HAL_NVIC_SetPriority                     0x0800110d   Thumb Code    98  stm32f1xx_hal_cortex.o(i.HAL_NVIC_SetPriority)
    HAL_NVIC_SetPriorityGrouping             0x08001175   Thumb Code    30  stm32f1xx_hal_cortex.o(i.HAL_NVIC_SetPriorityGrouping)
    HAL_NVIC_SystemReset                     0x08001199   Thumb Code    26  stm32f1xx_hal_cortex.o(i.HAL_NVIC_SystemReset)
    HAL_RCC_ClockConfig                      0x080011bd   Thumb Code   396  stm32f1xx_hal_rcc.o(i.HAL_RCC_ClockConfig)
    HAL_RCC_GetHCLKFreq                      0x08001359   Thumb Code     6  stm32f1xx_hal_rcc.o(i.HAL_RCC_GetHCLKFreq)
    HAL_RCC_GetPCLK1Freq                     0x08001365   Thumb Code    22  stm32f1xx_hal_rcc.o(i.HAL_RCC_GetPCLK1Freq)
    HAL_RCC_GetPCLK2Freq                     0x08001385   Thumb Code    22  stm32f1xx_hal_rcc.o(i.HAL_RCC_GetPCLK2Freq)
    HAL_RCC_GetSysClockFreq                  0x080013a5   Thumb Code    88  stm32f1xx_hal_rcc.o(i.HAL_RCC_GetSysClockFreq)
    HAL_RCC_OscConfig                        0x0800141d   Thumb Code  1024  stm32f1xx_hal_rcc.o(i.HAL_RCC_OscConfig)
    HAL_SYSTICK_CLKSourceConfig              0x0800181d   Thumb Code    28  stm32f1xx_hal_cortex.o(i.HAL_SYSTICK_CLKSourceConfig)
    HAL_SYSTICK_Callback                     0x08001839   Thumb Code     2  stm32f1xx_hal_cortex.o(i.HAL_SYSTICK_Callback)
    HAL_SYSTICK_Config                       0x0800183d   Thumb Code    36  stm32f1xx_hal_cortex.o(i.HAL_SYSTICK_Config)
    HAL_SYSTICK_IRQHandler                   0x08001865   Thumb Code     8  stm32f1xx_hal_cortex.o(i.HAL_SYSTICK_IRQHandler)
    HAL_TIMEx_BreakCallback                  0x0800186d   Thumb Code     2  stm32f1xx_hal_tim_ex.o(i.HAL_TIMEx_BreakCallback)
    HAL_TIMEx_CommutationCallback            0x0800186f   Thumb Code     2  stm32f1xx_hal_tim_ex.o(i.HAL_TIMEx_CommutationCallback)
    HAL_TIMEx_MasterConfigSynchronization    0x08001871   Thumb Code   102  stm32f1xx_hal_tim_ex.o(i.HAL_TIMEx_MasterConfigSynchronization)
    HAL_TIM_Base_Init                        0x080018d7   Thumb Code    56  stm32f1xx_hal_tim.o(i.HAL_TIM_Base_Init)
    HAL_TIM_Base_MspInit                     0x08001911   Thumb Code    30  tim.o(i.HAL_TIM_Base_MspInit)
    HAL_TIM_Base_Start_IT                    0x08001935   Thumb Code    24  stm32f1xx_hal_tim.o(i.HAL_TIM_Base_Start_IT)
    HAL_TIM_ConfigClockSource                0x0800194d   Thumb Code   272  stm32f1xx_hal_tim.o(i.HAL_TIM_ConfigClockSource)
    HAL_TIM_IC_CaptureCallback               0x08001a5d   Thumb Code     2  stm32f1xx_hal_tim.o(i.HAL_TIM_IC_CaptureCallback)
    HAL_TIM_IRQHandler                       0x08001a5f   Thumb Code   372  stm32f1xx_hal_tim.o(i.HAL_TIM_IRQHandler)
    HAL_TIM_OC_DelayElapsedCallback          0x08001bd3   Thumb Code     2  stm32f1xx_hal_tim.o(i.HAL_TIM_OC_DelayElapsedCallback)
    HAL_TIM_PWM_PulseFinishedCallback        0x08001bd5   Thumb Code     2  stm32f1xx_hal_tim.o(i.HAL_TIM_PWM_PulseFinishedCallback)
    HAL_TIM_PeriodElapsedCallback            0x08001bd9   Thumb Code    24  gizwits_product.o(i.HAL_TIM_PeriodElapsedCallback)
    HAL_TIM_TriggerCallback                  0x08001bf9   Thumb Code     2  stm32f1xx_hal_tim.o(i.HAL_TIM_TriggerCallback)
    HAL_UART_ErrorCallback                   0x08001bfb   Thumb Code     2  stm32f1xx_hal_uart.o(i.HAL_UART_ErrorCallback)
    HAL_UART_IRQHandler                      0x08001bfd   Thumb Code   306  stm32f1xx_hal_uart.o(i.HAL_UART_IRQHandler)
    HAL_UART_Init                            0x08001d35   Thumb Code   100  stm32f1xx_hal_uart.o(i.HAL_UART_Init)
    HAL_UART_MspInit                         0x08001d99   Thumb Code   214  usart.o(i.HAL_UART_MspInit)
    HAL_UART_Receive_IT                      0x08001e89   Thumb Code    86  stm32f1xx_hal_uart.o(i.HAL_UART_Receive_IT)
    HAL_UART_RxCpltCallback                  0x08001ee1   Thumb Code   184  gizwits_product.o(i.HAL_UART_RxCpltCallback)
    HAL_UART_Transmit                        0x08001fb9   Thumb Code   220  stm32f1xx_hal_uart.o(i.HAL_UART_Transmit)
    HAL_UART_Transmit_IT                     0x08002095   Thumb Code    66  stm32f1xx_hal_uart.o(i.HAL_UART_Transmit_IT)
    HAL_UART_TxCpltCallback                  0x080020d7   Thumb Code     2  stm32f1xx_hal_uart.o(i.HAL_UART_TxCpltCallback)
    HW_Send_Data                             0x080020d9   Thumb Code    36  hongwai.o(i.HW_Send_Data)
    HardFault_Handler                        0x08002101   Thumb Code     2  stm32f1xx_it.o(i.HardFault_Handler)
    IR_Learn_Pack                            0x08002423   Thumb Code    46  hongwai.o(i.IR_Learn_Pack)
    IR_Send_Pack                             0x08002451   Thumb Code    44  hongwai.o(i.IR_Send_Pack)
    MX_GPIO_Init                             0x0800247d   Thumb Code   238  gpio.o(i.MX_GPIO_Init)
    MX_I2C1_Init                             0x08002581   Thumb Code    54  i2c.o(i.MX_I2C1_Init)
    MX_TIM2_Init                             0x080025d5   Thumb Code    96  tim.o(i.MX_TIM2_Init)
    MX_USART1_UART_Init                      0x08002649   Thumb Code    52  usart.o(i.MX_USART1_UART_Init)
    MX_USART2_UART_Init                      0x08002695   Thumb Code    52  usart.o(i.MX_USART2_UART_Init)
    MX_USART3_UART_Init                      0x080026e1   Thumb Code    52  usart.o(i.MX_USART3_UART_Init)
    MemManage_Handler                        0x0800272d   Thumb Code     2  stm32f1xx_it.o(i.MemManage_Handler)
    NMI_Handler                              0x0800272f   Thumb Code     2  stm32f1xx_it.o(i.NMI_Handler)
    OLED_Set_Pos                             0x08002731   Thumb Code    42  oled.o(i.OLED_Set_Pos)
    OLED_ShowChar                            0x0800275d   Thumb Code   132  oled.o(i.OLED_ShowChar)
    OLED_ShowNum                             0x080027e9   Thumb Code   106  oled.o(i.OLED_ShowNum)
    OLED_ShowString                          0x08002853   Thumb Code    54  oled.o(i.OLED_ShowString)
    OLED_WR_Byte                             0x08002889   Thumb Code    12  oled.o(i.OLED_WR_Byte)
    PendSV_Handler                           0x08002895   Thumb Code     2  stm32f1xx_it.o(i.PendSV_Handler)
    SVC_Handler                              0x080028bd   Thumb Code     2  stm32f1xx_it.o(i.SVC_Handler)
    SysTick_Handler                          0x080028bf   Thumb Code    14  stm32f1xx_it.o(i.SysTick_Handler)
    SystemClock_Config                       0x080028cd   Thumb Code   104  main.o(i.SystemClock_Config)
    SystemInit                               0x08002935   Thumb Code    56  system_stm32f1xx.o(i.SystemInit)
    TIM2_IRQHandler                          0x0800297d   Thumb Code     6  stm32f1xx_it.o(i.TIM2_IRQHandler)
    TIM_Base_SetConfig                       0x08002989   Thumb Code   106  stm32f1xx_hal_tim.o(i.TIM_Base_SetConfig)
    USART1_IRQHandler                        0x08002de9   Thumb Code     6  stm32f1xx_it.o(i.USART1_IRQHandler)
    USART2_IRQHandler                        0x08002df5   Thumb Code     6  stm32f1xx_it.o(i.USART2_IRQHandler)
    USART3_IRQHandler                        0x08002e01   Thumb Code     6  stm32f1xx_it.o(i.USART3_IRQHandler)
    UsageFault_Handler                       0x08002e0d   Thumb Code     2  stm32f1xx_it.o(i.UsageFault_Handler)
    Write_IIC_Command                        0x08002e11   Thumb Code    32  oled.o(i.Write_IIC_Command)
    Write_IIC_Data                           0x08002e35   Thumb Code    32  oled.o(i.Write_IIC_Data)
    _Error_Handler                           0x08002e59   Thumb Code     2  main.o(i._Error_Handler)
    __0printf                                0x08002e5d   Thumb Code    22  printfa.o(i.__0printf)
    __1printf                                0x08002e5d   Thumb Code     0  printfa.o(i.__0printf)
    __2printf                                0x08002e5d   Thumb Code     0  printfa.o(i.__0printf)
    __c89printf                              0x08002e5d   Thumb Code     0  printfa.o(i.__0printf)
    printf                                   0x08002e5d   Thumb Code     0  printfa.o(i.__0printf)
    __0vsnprintf                             0x08002e7d   Thumb Code    40  printfa.o(i.__0vsnprintf)
    __1vsnprintf                             0x08002e7d   Thumb Code     0  printfa.o(i.__0vsnprintf)
    __2vsnprintf                             0x08002e7d   Thumb Code     0  printfa.o(i.__0vsnprintf)
    __c89vsnprintf                           0x08002e7d   Thumb Code     0  printfa.o(i.__0vsnprintf)
    vsnprintf                                0x08002e7d   Thumb Code     0  printfa.o(i.__0vsnprintf)
    __scatterload_copy                       0x08002ea9   Thumb Code    14  handlers.o(i.__scatterload_copy)
    __scatterload_null                       0x08002eb7   Thumb Code     2  handlers.o(i.__scatterload_null)
    __scatterload_zeroinit                   0x08002eb9   Thumb Code    14  handlers.o(i.__scatterload_zeroinit)
    calculateDynamicBitPartLen               0x08003791   Thumb Code    40  gizwits_protocol.o(i.calculateDynamicBitPartLen)
    delay_init                               0x080037b9   Thumb Code    16  delay.o(i.delay_init)
    delay_ms                                 0x080037cd   Thumb Code    26  delay.o(i.delay_ms)
    delay_us                                 0x080037e9   Thumb Code    48  delay.o(i.delay_us)
    exchangeBytes                            0x0800381d   Thumb Code    32  common.o(i.exchangeBytes)
    exchangeWord                             0x0800383d   Thumb Code     4  common.o(i.exchangeWord)
    fputc                                    0x08003841   Thumb Code    20  gizwits_product.o(i.fputc)
    free                                     0x08003859   Thumb Code    76  malloc.o(i.free)
    getKey                                   0x080038a9   Thumb Code    86  hal_key.o(i.getKey)
    gizAcrossByteJudge                       0x08003905   Thumb Code    30  datapointtools.o(i.gizAcrossByteJudge)
    gizByteOrderExchange                     0x08003923   Thumb Code    36  datapointtools.o(i.gizByteOrderExchange)
    gizGetTimerCount                         0x08003e21   Thumb Code     6  gizwits_product.o(i.gizGetTimerCount)
    gizProtocolSum                           0x08004a4d   Thumb Code    36  common.o(i.gizProtocolSum)
    gizPutData                               0x08004b15   Thumb Code    44  gizwits_protocol.o(i.gizPutData)
    gizTimerMs                               0x08004c61   Thumb Code    10  gizwits_product.o(i.gizTimerMs)
    gizVarlenCompressValue                   0x08004c71   Thumb Code    74  datapointtools.o(i.gizVarlenCompressValue)
    gizVarlenDecompressionValue              0x08004cbb   Thumb Code   132  datapointtools.o(i.gizVarlenDecompressionValue)
    gizX2Y                                   0x08004d3f   Thumb Code     6  datapointtools.o(i.gizX2Y)
    gizY2X                                   0x08004d45   Thumb Code     8  datapointtools.o(i.gizY2X)
    gizwitsEventProcess                      0x08004d4d   Thumb Code   162  gizwits_product.o(i.gizwitsEventProcess)
    gizwitsHandle                            0x08004ec9   Thumb Code   554  gizwits_protocol.o(i.gizwitsHandle)
    gizwitsInit                              0x08005209   Thumb Code    44  gizwits_protocol.o(i.gizwitsInit)
    gizwitsSetMode                           0x08005265   Thumb Code   220  gizwits_protocol.o(i.gizwitsSetMode)
    keyHandle                                0x08005379   Thumb Code   122  hal_key.o(i.keyHandle)
    main                                     0x080053f5   Thumb Code   274  main.o(i.main)
    main_page_data                           0x08005561   Thumb Code   104  oled.o(i.main_page_data)
    mcuRestart                               0x080055e9   Thumb Code    10  gizwits_product.o(i.mcuRestart)
    oled_pow                                 0x080055f3   Thumb Code    16  oled.o(i.oled_pow)
    rbCanRead                                0x08005603   Thumb Code    50  ringbuffer.o(i.rbCanRead)
    rbCanWrite                               0x08005635   Thumb Code    28  ringbuffer.o(i.rbCanWrite)
    rbCapacity                               0x08005651   Thumb Code    12  ringbuffer.o(i.rbCapacity)
    rbCreate                                 0x0800565d   Thumb Code    18  ringbuffer.o(i.rbCreate)
    rbRead                                   0x0800566f   Thumb Code   126  ringbuffer.o(i.rbRead)
    rbWrite                                  0x080056ed   Thumb Code   142  ringbuffer.o(i.rbWrite)
    readKeyValue                             0x0800577d   Thumb Code   130  hal_key.o(i.readKeyValue)
    timerInit                                0x08005805   Thumb Code     6  gizwits_product.o(i.timerInit)
    u3_printf                                0x08005811   Thumb Code    54  hongwai.o(i.u3_printf)
    uartInit                                 0x0800584d   Thumb Code    40  gizwits_product.o(i.uartInit)
    uartWrite                                0x08005885   Thumb Code   138  gizwits_product.o(i.uartWrite)
    userHandle                               0x0800593d   Thumb Code     2  gizwits_product.o(i.userHandle)
    userInit                                 0x08005941   Thumb Code    28  gizwits_product.o(i.userInit)
    F6x8                                     0x08005960   Data         552  oled.o(.constdata)
    F8X16                                    0x08005b88   Data        1520  oled.o(.constdata)
    AHBPrescTable                            0x080065f8   Data          16  system_stm32f1xx.o(.constdata)
    APBPrescTable                            0x08006608   Data           8  system_stm32f1xx.o(.constdata)
    Region$$Table$$Base                      0x08006610   Number         0  anon$$obj.o(Region$$Table)
    Region$$Table$$Limit                     0x08006630   Number         0  anon$$obj.o(Region$$Table)
    keys                                     0x20000000   Data           5  main.o(.data)
    KT_run_state                             0x20000005   Data           3  hongwai.o(.data)
    usart_send_state                         0x20000008   Data           1  gizwits_product.o(.data)
    aRxBuffer                                0x20000009   Data           1  gizwits_product.o(.data)
    aRxBuffer_1                              0x2000000a   Data           1  gizwits_product.o(.data)
    aRxBuffer_3                              0x2000000b   Data           1  gizwits_product.o(.data)
    USART1_RX_STA                            0x2000000c   Data           2  gizwits_product.o(.data)
    keyCountTime                             0x2000002c   Data           1  hal_key.o(.data)
    SystemCoreClock                          0x20000034   Data           4  system_stm32f1xx.o(.data)
    uwTick                                   0x20000038   Data           4  stm32f1xx_hal.o(.data)
    __stdout                                 0x2000003c   Data           4  stdout.o(.data)
    __microlib_freelist                      0x20000040   Data           4  mvars.o(.data)
    buf                                      0x20000044   Data         128  main.o(.bss)
    hi2c1                                    0x200000c4   Data          84  i2c.o(.bss)
    htim2                                    0x20000118   Data          64  tim.o(.bss)
    huart1                                   0x20000158   Data          64  usart.o(.bss)
    huart2                                   0x20000198   Data          64  usart.o(.bss)
    huart3                                   0x200001d8   Data          64  usart.o(.bss)
    currentDataPoint                         0x20000218   Data          20  gizwits_product.o(.bss)
    USART1_RX_BUF                            0x2000022c   Data         200  gizwits_product.o(.bss)
    gizwitsProtocol                          0x200002f4   Data         308  gizwits_protocol.o(.bss)
    pRb                                      0x20000428   Data          16  gizwits_protocol.o(.bss)
    __initial_sp                             0x20002470   Data           0  startup_stm32f103xb.o(STACK)



==============================================================================

Memory Map of the image

  Image Entry point : 0x080000ed

  Load Region LR_IROM1 (Base: 0x08000000, Size: 0x00006674, Max: 0x00010000, ABSOLUTE)

    Execution Region ER_IROM1 (Exec base: 0x08000000, Load base: 0x08000000, Size: 0x00006630, Max: 0x00010000, ABSOLUTE)

    Exec Addr    Load Addr    Size         Type   Attr      Idx    E Section Name        Object

    0x08000000   0x08000000   0x000000ec   Data   RO         1337    RESET               startup_stm32f103xb.o
    0x080000ec   0x080000ec   0x00000000   Code   RO         3945  * .ARM.Collect$$$$00000000  mc_w.l(entry.o)
    0x080000ec   0x080000ec   0x00000004   Code   RO         4261    .ARM.Collect$$$$00000001  mc_w.l(entry2.o)
    0x080000f0   0x080000f0   0x00000004   Code   RO         4264    .ARM.Collect$$$$00000004  mc_w.l(entry5.o)
    0x080000f4   0x080000f4   0x00000000   Code   RO         4266    .ARM.Collect$$$$00000008  mc_w.l(entry7b.o)
    0x080000f4   0x080000f4   0x00000000   Code   RO         4268    .ARM.Collect$$$$0000000A  mc_w.l(entry8b.o)
    0x080000f4   0x080000f4   0x00000008   Code   RO         4269    .ARM.Collect$$$$0000000B  mc_w.l(entry9a.o)
    0x080000fc   0x080000fc   0x00000000   Code   RO         4271    .ARM.Collect$$$$0000000D  mc_w.l(entry10a.o)
    0x080000fc   0x080000fc   0x00000000   Code   RO         4273    .ARM.Collect$$$$0000000F  mc_w.l(entry11a.o)
    0x080000fc   0x080000fc   0x00000004   Code   RO         4262    .ARM.Collect$$$$00002712  mc_w.l(entry2.o)
    0x08000100   0x08000100   0x00000024   Code   RO         1338    .text               startup_stm32f103xb.o
    0x08000124   0x08000124   0x00000020   Code   RO         3948    .text               mc_w.l(llushr.o)
    0x08000144   0x08000144   0x00000024   Code   RO         3952    .text               mc_w.l(memcpya.o)
    0x08000168   0x08000168   0x00000024   Code   RO         3954    .text               mc_w.l(memseta.o)
    0x0800018c   0x0800018c   0x0000001c   Code   RO         3958    .text               mc_w.l(strcmp.o)
    0x080001a8   0x080001a8   0x0000002c   Code   RO         4276    .text               mc_w.l(uidiv.o)
    0x080001d4   0x080001d4   0x00000062   Code   RO         4278    .text               mc_w.l(uldiv.o)
    0x08000236   0x08000236   0x00000000   Code   RO         4282    .text               mc_w.l(iusefp.o)
    0x08000236   0x08000236   0x0000014e   Code   RO         4285    .text               mf_w.l(dadd.o)
    0x08000384   0x08000384   0x000000e4   Code   RO         4287    .text               mf_w.l(dmul.o)
    0x08000468   0x08000468   0x000000de   Code   RO         4289    .text               mf_w.l(ddiv.o)
    0x08000546   0x08000546   0x00000030   Code   RO         4291    .text               mf_w.l(dfixul.o)
    0x08000576   0x08000576   0x00000002   PAD
    0x08000578   0x08000578   0x00000030   Code   RO         4293    .text               mf_w.l(cdrcmple.o)
    0x080005a8   0x080005a8   0x00000024   Code   RO         4295    .text               mc_w.l(init.o)
    0x080005cc   0x080005cc   0x0000001e   Code   RO         4297    .text               mc_w.l(llshl.o)
    0x080005ea   0x080005ea   0x00000024   Code   RO         4299    .text               mc_w.l(llsshr.o)
    0x0800060e   0x0800060e   0x000000ba   Code   RO         4301    .text               mf_w.l(depilogue.o)
    0x080006c8   0x080006c8   0x00000002   Code   RO          359    i.BusFault_Handler  stm32f1xx_it.o
    0x080006ca   0x080006ca   0x00000002   PAD
    0x080006cc   0x080006cc   0x00000054   Code   RO          513    i.DHT11_Check       dht11.o
    0x08000720   0x08000720   0x00000044   Code   RO          514    i.DHT11_IO_IN       dht11.o
    0x08000764   0x08000764   0x00000044   Code   RO          515    i.DHT11_IO_OUT      dht11.o
    0x080007a8   0x080007a8   0x00000070   Code   RO          516    i.DHT11_Init        dht11.o
    0x08000818   0x08000818   0x00000054   Code   RO          517    i.DHT11_Read_Bit    dht11.o
    0x0800086c   0x0800086c   0x00000016   Code   RO          518    i.DHT11_Read_Byte   dht11.o
    0x08000882   0x08000882   0x0000004a   Code   RO          519    i.DHT11_Read_Data   dht11.o
    0x080008cc   0x080008cc   0x00000034   Code   RO          520    i.DHT11_Rst         dht11.o
    0x08000900   0x08000900   0x00000002   Code   RO          360    i.DebugMon_Handler  stm32f1xx_it.o
    0x08000902   0x08000902   0x00000026   Code   RO          361    i.EXTI15_10_IRQHandler  stm32f1xx_it.o
    0x08000928   0x08000928   0x00000008   Code   RO          362    i.EXTI9_5_IRQHandler  stm32f1xx_it.o
    0x08000930   0x08000930   0x0000001a   Code   RO          735    i.Get_Check         hongwai.o
    0x0800094a   0x0800094a   0x00000002   PAD
    0x0800094c   0x0800094c   0x000000a4   Code   RO         2204    i.HAL_DMA_Abort_IT  stm32f1xx_hal_dma.o
    0x080009f0   0x080009f0   0x00000108   Code   RO            4    i.HAL_GPIO_EXTI_Callback  main.o
    0x08000af8   0x08000af8   0x00000018   Code   RO         2138    i.HAL_GPIO_EXTI_IRQHandler  stm32f1xx_hal_gpio.o
    0x08000b10   0x08000b10   0x000001f0   Code   RO         2139    i.HAL_GPIO_Init     stm32f1xx_hal_gpio.o
    0x08000d00   0x08000d00   0x0000000e   Code   RO         2141    i.HAL_GPIO_ReadPin  stm32f1xx_hal_gpio.o
    0x08000d0e   0x08000d0e   0x00000008   Code   RO         2142    i.HAL_GPIO_TogglePin  stm32f1xx_hal_gpio.o
    0x08000d16   0x08000d16   0x0000000e   Code   RO         2143    i.HAL_GPIO_WritePin  stm32f1xx_hal_gpio.o
    0x08000d24   0x08000d24   0x0000000c   Code   RO         1863    i.HAL_GetTick       stm32f1xx_hal.o
    0x08000d30   0x08000d30   0x00000110   Code   RO         1430    i.HAL_I2C_Init      stm32f1xx_hal_i2c.o
    0x08000e40   0x08000e40   0x00000190   Code   RO         1449    i.HAL_I2C_Mem_Write  stm32f1xx_hal_i2c.o
    0x08000fd0   0x08000fd0   0x00000044   Code   RO          222    i.HAL_I2C_MspInit   i2c.o
    0x08001014   0x08001014   0x00000010   Code   RO         1865    i.HAL_IncTick       stm32f1xx_hal.o
    0x08001024   0x08001024   0x00000024   Code   RO         1866    i.HAL_Init          stm32f1xx_hal.o
    0x08001048   0x08001048   0x00000028   Code   RO         1867    i.HAL_InitTick      stm32f1xx_hal.o
    0x08001070   0x08001070   0x00000084   Code   RO          471    i.HAL_MspInit       stm32f1xx_hal_msp.o
    0x080010f4   0x080010f4   0x00000018   Code   RO         2299    i.HAL_NVIC_EnableIRQ  stm32f1xx_hal_cortex.o
    0x0800110c   0x0800110c   0x00000068   Code   RO         2305    i.HAL_NVIC_SetPriority  stm32f1xx_hal_cortex.o
    0x08001174   0x08001174   0x00000024   Code   RO         2306    i.HAL_NVIC_SetPriorityGrouping  stm32f1xx_hal_cortex.o
    0x08001198   0x08001198   0x00000024   Code   RO         2307    i.HAL_NVIC_SystemReset  stm32f1xx_hal_cortex.o
    0x080011bc   0x080011bc   0x0000019c   Code   RO         1994    i.HAL_RCC_ClockConfig  stm32f1xx_hal_rcc.o
    0x08001358   0x08001358   0x0000000c   Code   RO         1999    i.HAL_RCC_GetHCLKFreq  stm32f1xx_hal_rcc.o
    0x08001364   0x08001364   0x00000020   Code   RO         2001    i.HAL_RCC_GetPCLK1Freq  stm32f1xx_hal_rcc.o
    0x08001384   0x08001384   0x00000020   Code   RO         2002    i.HAL_RCC_GetPCLK2Freq  stm32f1xx_hal_rcc.o
    0x080013a4   0x080013a4   0x00000078   Code   RO         2003    i.HAL_RCC_GetSysClockFreq  stm32f1xx_hal_rcc.o
    0x0800141c   0x0800141c   0x00000400   Code   RO         2006    i.HAL_RCC_OscConfig  stm32f1xx_hal_rcc.o
    0x0800181c   0x0800181c   0x0000001c   Code   RO         2308    i.HAL_SYSTICK_CLKSourceConfig  stm32f1xx_hal_cortex.o
    0x08001838   0x08001838   0x00000002   Code   RO         2309    i.HAL_SYSTICK_Callback  stm32f1xx_hal_cortex.o
    0x0800183a   0x0800183a   0x00000002   PAD
    0x0800183c   0x0800183c   0x00000028   Code   RO         2310    i.HAL_SYSTICK_Config  stm32f1xx_hal_cortex.o
    0x08001864   0x08001864   0x00000008   Code   RO         2311    i.HAL_SYSTICK_IRQHandler  stm32f1xx_hal_cortex.o
    0x0800186c   0x0800186c   0x00000002   Code   RO         3384    i.HAL_TIMEx_BreakCallback  stm32f1xx_hal_tim_ex.o
    0x0800186e   0x0800186e   0x00000002   Code   RO         3385    i.HAL_TIMEx_CommutationCallback  stm32f1xx_hal_tim_ex.o
    0x08001870   0x08001870   0x00000066   Code   RO         3401    i.HAL_TIMEx_MasterConfigSynchronization  stm32f1xx_hal_tim_ex.o
    0x080018d6   0x080018d6   0x00000038   Code   RO         2745    i.HAL_TIM_Base_Init  stm32f1xx_hal_tim.o
    0x0800190e   0x0800190e   0x00000002   PAD
    0x08001910   0x08001910   0x00000024   Code   RO          264    i.HAL_TIM_Base_MspInit  tim.o
    0x08001934   0x08001934   0x00000018   Code   RO         2750    i.HAL_TIM_Base_Start_IT  stm32f1xx_hal_tim.o
    0x0800194c   0x0800194c   0x00000110   Code   RO         2754    i.HAL_TIM_ConfigClockSource  stm32f1xx_hal_tim.o
    0x08001a5c   0x08001a5c   0x00000002   Code   RO         2774    i.HAL_TIM_IC_CaptureCallback  stm32f1xx_hal_tim.o
    0x08001a5e   0x08001a5e   0x00000174   Code   RO         2787    i.HAL_TIM_IRQHandler  stm32f1xx_hal_tim.o
    0x08001bd2   0x08001bd2   0x00000002   Code   RO         2790    i.HAL_TIM_OC_DelayElapsedCallback  stm32f1xx_hal_tim.o
    0x08001bd4   0x08001bd4   0x00000002   Code   RO         2817    i.HAL_TIM_PWM_PulseFinishedCallback  stm32f1xx_hal_tim.o
    0x08001bd6   0x08001bd6   0x00000002   PAD
    0x08001bd8   0x08001bd8   0x00000020   Code   RO          798    i.HAL_TIM_PeriodElapsedCallback  gizwits_product.o
    0x08001bf8   0x08001bf8   0x00000002   Code   RO         2828    i.HAL_TIM_TriggerCallback  stm32f1xx_hal_tim.o
    0x08001bfa   0x08001bfa   0x00000002   Code   RO         3638    i.HAL_UART_ErrorCallback  stm32f1xx_hal_uart.o
    0x08001bfc   0x08001bfc   0x00000138   Code   RO         3641    i.HAL_UART_IRQHandler  stm32f1xx_hal_uart.o
    0x08001d34   0x08001d34   0x00000064   Code   RO         3642    i.HAL_UART_Init     stm32f1xx_hal_uart.o
    0x08001d98   0x08001d98   0x000000f0   Code   RO          306    i.HAL_UART_MspInit  usart.o
    0x08001e88   0x08001e88   0x00000056   Code   RO         3647    i.HAL_UART_Receive_IT  stm32f1xx_hal_uart.o
    0x08001ede   0x08001ede   0x00000002   PAD
    0x08001ee0   0x08001ee0   0x000000d8   Code   RO          799    i.HAL_UART_RxCpltCallback  gizwits_product.o
    0x08001fb8   0x08001fb8   0x000000dc   Code   RO         3650    i.HAL_UART_Transmit  stm32f1xx_hal_uart.o
    0x08002094   0x08002094   0x00000042   Code   RO         3652    i.HAL_UART_Transmit_IT  stm32f1xx_hal_uart.o
    0x080020d6   0x080020d6   0x00000002   Code   RO         3653    i.HAL_UART_TxCpltCallback  stm32f1xx_hal_uart.o
    0x080020d8   0x080020d8   0x00000028   Code   RO          736    i.HW_Send_Data      hongwai.o
    0x08002100   0x08002100   0x00000002   Code   RO          363    i.HardFault_Handler  stm32f1xx_it.o
    0x08002102   0x08002102   0x0000002a   Code   RO         1468    i.I2C_IsAcknowledgeFailed  stm32f1xx_hal_i2c.o
    0x0800212c   0x0800212c   0x000000d8   Code   RO         1479    i.I2C_RequestMemoryWrite  stm32f1xx_hal_i2c.o
    0x08002204   0x08002204   0x00000058   Code   RO         1487    i.I2C_WaitOnBTFFlagUntilTimeout  stm32f1xx_hal_i2c.o
    0x0800225c   0x0800225c   0x000000b4   Code   RO         1488    i.I2C_WaitOnFlagUntilTimeout  stm32f1xx_hal_i2c.o
    0x08002310   0x08002310   0x000000ba   Code   RO         1489    i.I2C_WaitOnMasterAddressFlagUntilTimeout  stm32f1xx_hal_i2c.o
    0x080023ca   0x080023ca   0x00000058   Code   RO         1492    i.I2C_WaitOnTXEFlagUntilTimeout  stm32f1xx_hal_i2c.o
    0x08002422   0x08002422   0x0000002e   Code   RO          737    i.IR_Learn_Pack     hongwai.o
    0x08002450   0x08002450   0x0000002c   Code   RO          738    i.IR_Send_Pack      hongwai.o
    0x0800247c   0x0800247c   0x00000104   Code   RO          197    i.MX_GPIO_Init      gpio.o
    0x08002580   0x08002580   0x00000054   Code   RO          223    i.MX_I2C1_Init      i2c.o
    0x080025d4   0x080025d4   0x00000074   Code   RO          265    i.MX_TIM2_Init      tim.o
    0x08002648   0x08002648   0x0000004c   Code   RO          307    i.MX_USART1_UART_Init  usart.o
    0x08002694   0x08002694   0x0000004c   Code   RO          308    i.MX_USART2_UART_Init  usart.o
    0x080026e0   0x080026e0   0x0000004c   Code   RO          309    i.MX_USART3_UART_Init  usart.o
    0x0800272c   0x0800272c   0x00000002   Code   RO          364    i.MemManage_Handler  stm32f1xx_it.o
    0x0800272e   0x0800272e   0x00000002   Code   RO          365    i.NMI_Handler       stm32f1xx_it.o
    0x08002730   0x08002730   0x0000002a   Code   RO          587    i.OLED_Set_Pos      oled.o
    0x0800275a   0x0800275a   0x00000002   PAD
    0x0800275c   0x0800275c   0x0000008c   Code   RO          589    i.OLED_ShowChar     oled.o
    0x080027e8   0x080027e8   0x0000006a   Code   RO          590    i.OLED_ShowNum      oled.o
    0x08002852   0x08002852   0x00000036   Code   RO          591    i.OLED_ShowString   oled.o
    0x08002888   0x08002888   0x0000000c   Code   RO          592    i.OLED_WR_Byte      oled.o
    0x08002894   0x08002894   0x00000002   Code   RO          366    i.PendSV_Handler    stm32f1xx_it.o
    0x08002896   0x08002896   0x00000002   PAD
    0x08002898   0x08002898   0x00000024   Code   RO         2007    i.RCC_Delay         stm32f1xx_hal_rcc.o
    0x080028bc   0x080028bc   0x00000002   Code   RO          367    i.SVC_Handler       stm32f1xx_it.o
    0x080028be   0x080028be   0x0000000e   Code   RO          368    i.SysTick_Handler   stm32f1xx_it.o
    0x080028cc   0x080028cc   0x00000068   Code   RO            5    i.SystemClock_Config  main.o
    0x08002934   0x08002934   0x00000048   Code   RO         1346    i.SystemInit        system_stm32f1xx.o
    0x0800297c   0x0800297c   0x0000000c   Code   RO          369    i.TIM2_IRQHandler   stm32f1xx_it.o
    0x08002988   0x08002988   0x00000078   Code   RO         2829    i.TIM_Base_SetConfig  stm32f1xx_hal_tim.o
    0x08002a00   0x08002a00   0x00000016   Code   RO         2836    i.TIM_ETR_SetConfig  stm32f1xx_hal_tim.o
    0x08002a16   0x08002a16   0x00000010   Code   RO         2837    i.TIM_ITRx_SetConfig  stm32f1xx_hal_tim.o
    0x08002a26   0x08002a26   0x00000026   Code   RO         2843    i.TIM_TI1_ConfigInputStage  stm32f1xx_hal_tim.o
    0x08002a4c   0x08002a4c   0x00000024   Code   RO         2845    i.TIM_TI2_ConfigInputStage  stm32f1xx_hal_tim.o
    0x08002a70   0x08002a70   0x00000010   Code   RO         3655    i.UART_DMAAbortOnError  stm32f1xx_hal_uart.o
    0x08002a80   0x08002a80   0x0000001c   Code   RO         3665    i.UART_EndRxTransfer  stm32f1xx_hal_uart.o
    0x08002a9c   0x08002a9c   0x0000001a   Code   RO         3666    i.UART_EndTransmit_IT  stm32f1xx_hal_uart.o
    0x08002ab6   0x08002ab6   0x0000009c   Code   RO         3668    i.UART_Receive_IT   stm32f1xx_hal_uart.o
    0x08002b52   0x08002b52   0x00000002   PAD
    0x08002b54   0x08002b54   0x000001b4   Code   RO         3669    i.UART_SetConfig    stm32f1xx_hal_uart.o
    0x08002d08   0x08002d08   0x00000066   Code   RO         3670    i.UART_Transmit_IT  stm32f1xx_hal_uart.o
    0x08002d6e   0x08002d6e   0x00000078   Code   RO         3671    i.UART_WaitOnFlagUntilTimeout  stm32f1xx_hal_uart.o
    0x08002de6   0x08002de6   0x00000002   PAD
    0x08002de8   0x08002de8   0x0000000c   Code   RO          370    i.USART1_IRQHandler  stm32f1xx_it.o
    0x08002df4   0x08002df4   0x0000000c   Code   RO          371    i.USART2_IRQHandler  stm32f1xx_it.o
    0x08002e00   0x08002e00   0x0000000c   Code   RO          372    i.USART3_IRQHandler  stm32f1xx_it.o
    0x08002e0c   0x08002e0c   0x00000002   Code   RO          373    i.UsageFault_Handler  stm32f1xx_it.o
    0x08002e0e   0x08002e0e   0x00000002   PAD
    0x08002e10   0x08002e10   0x00000024   Code   RO          594    i.Write_IIC_Command  oled.o
    0x08002e34   0x08002e34   0x00000024   Code   RO          595    i.Write_IIC_Data    oled.o
    0x08002e58   0x08002e58   0x00000002   Code   RO            6    i._Error_Handler    main.o
    0x08002e5a   0x08002e5a   0x00000002   PAD
    0x08002e5c   0x08002e5c   0x00000020   Code   RO         4195    i.__0printf         mc_w.l(printfa.o)
    0x08002e7c   0x08002e7c   0x0000002c   Code   RO         4200    i.__0vsnprintf      mc_w.l(printfa.o)
    0x08002ea8   0x08002ea8   0x0000000e   Code   RO         4305    i.__scatterload_copy  mc_w.l(handlers.o)
    0x08002eb6   0x08002eb6   0x00000002   Code   RO         4306    i.__scatterload_null  mc_w.l(handlers.o)
    0x08002eb8   0x08002eb8   0x0000000e   Code   RO         4307    i.__scatterload_zeroinit  mc_w.l(handlers.o)
    0x08002ec6   0x08002ec6   0x00000002   PAD
    0x08002ec8   0x08002ec8   0x00000184   Code   RO         4202    i._fp_digits        mc_w.l(printfa.o)
    0x0800304c   0x0800304c   0x000006dc   Code   RO         4203    i._printf_core      mc_w.l(printfa.o)
    0x08003728   0x08003728   0x00000024   Code   RO         4204    i._printf_post_padding  mc_w.l(printfa.o)
    0x0800374c   0x0800374c   0x0000002e   Code   RO         4205    i._printf_pre_padding  mc_w.l(printfa.o)
    0x0800377a   0x0800377a   0x00000016   Code   RO         4206    i._snputc           mc_w.l(printfa.o)
    0x08003790   0x08003790   0x00000028   Code   RO          899    i.calculateDynamicBitPartLen  gizwits_protocol.o
    0x080037b8   0x080037b8   0x00000014   Code   RO         1065    i.delay_init        delay.o
    0x080037cc   0x080037cc   0x0000001a   Code   RO         1066    i.delay_ms          delay.o
    0x080037e6   0x080037e6   0x00000002   PAD
    0x080037e8   0x080037e8   0x00000034   Code   RO         1067    i.delay_us          delay.o
    0x0800381c   0x0800381c   0x00000020   Code   RO         1158    i.exchangeBytes     common.o
    0x0800383c   0x0800383c   0x00000004   Code   RO         1159    i.exchangeWord      common.o
    0x08003840   0x08003840   0x00000018   Code   RO          800    i.fputc             gizwits_product.o
    0x08003858   0x08003858   0x00000050   Code   RO         4223    i.free              mc_w.l(malloc.o)
    0x080038a8   0x080038a8   0x0000005c   Code   RO         1103    i.getKey            hal_key.o
    0x08003904   0x08003904   0x0000001e   Code   RO         1222    i.gizAcrossByteJudge  datapointtools.o
    0x08003922   0x08003922   0x00000024   Code   RO         1223    i.gizByteOrderExchange  datapointtools.o
    0x08003946   0x08003946   0x00000002   PAD
    0x08003948   0x08003948   0x00000188   Code   RO          900    i.gizCheckReport    gizwits_protocol.o
    0x08003ad0   0x08003ad0   0x000000e4   Code   RO          901    i.gizDataPoint2Event  gizwits_protocol.o
    0x08003bb4   0x08003bb4   0x00000188   Code   RO          902    i.gizDataPoints2ReportData  gizwits_protocol.o
    0x08003d3c   0x08003d3c   0x000000e4   Code   RO          903    i.gizDevReportPolicy  gizwits_protocol.o
    0x08003e20   0x08003e20   0x0000000c   Code   RO          801    i.gizGetTimerCount  gizwits_product.o
    0x08003e2c   0x08003e2c   0x0000007c   Code   RO          904    i.gizProtocolAckHandle  gizwits_protocol.o
    0x08003ea8   0x08003ea8   0x00000098   Code   RO          905    i.gizProtocolCommonAck  gizwits_protocol.o
    0x08003f40   0x08003f40   0x000000a0   Code   RO          906    i.gizProtocolErrorCmd  gizwits_protocol.o
    0x08003fe0   0x08003fe0   0x00000178   Code   RO          907    i.gizProtocolGetDeviceInfo  gizwits_protocol.o
    0x08004158   0x08004158   0x00000140   Code   RO          908    i.gizProtocolGetOnePacket  gizwits_protocol.o
    0x08004298   0x08004298   0x0000004c   Code   RO          909    i.gizProtocolHeadInit  gizwits_protocol.o
    0x080042e4   0x080042e4   0x00000120   Code   RO          910    i.gizProtocolIssuedDataAck  gizwits_protocol.o
    0x08004404   0x08004404   0x00000154   Code   RO          911    i.gizProtocolIssuedProcess  gizwits_protocol.o
    0x08004558   0x08004558   0x00000414   Code   RO          912    i.gizProtocolModuleStatus  gizwits_protocol.o
    0x0800496c   0x0800496c   0x00000070   Code   RO          913    i.gizProtocolNTP    gizwits_protocol.o
    0x080049dc   0x080049dc   0x00000070   Code   RO          914    i.gizProtocolResendData  gizwits_protocol.o
    0x08004a4c   0x08004a4c   0x00000024   Code   RO         1160    i.gizProtocolSum    common.o
    0x08004a70   0x08004a70   0x0000005c   Code   RO          915    i.gizProtocolWaitAck  gizwits_protocol.o
    0x08004acc   0x08004acc   0x00000048   Code   RO          916    i.gizProtocolWaitAckCheck  gizwits_protocol.o
    0x08004b14   0x08004b14   0x00000074   Code   RO          917    i.gizPutData        gizwits_protocol.o
    0x08004b88   0x08004b88   0x000000d8   Code   RO          918    i.gizReportData     gizwits_protocol.o
    0x08004c60   0x08004c60   0x00000010   Code   RO          802    i.gizTimerMs        gizwits_product.o
    0x08004c70   0x08004c70   0x0000004a   Code   RO         1226    i.gizVarlenCompressValue  datapointtools.o
    0x08004cba   0x08004cba   0x00000084   Code   RO         1227    i.gizVarlenDecompressionValue  datapointtools.o
    0x08004d3e   0x08004d3e   0x00000006   Code   RO         1228    i.gizX2Y            datapointtools.o
    0x08004d44   0x08004d44   0x00000008   Code   RO         1230    i.gizY2X            datapointtools.o
    0x08004d4c   0x08004d4c   0x0000017c   Code   RO          803    i.gizwitsEventProcess  gizwits_product.o
    0x08004ec8   0x08004ec8   0x00000340   Code   RO          921    i.gizwitsHandle     gizwits_protocol.o
    0x08005208   0x08005208   0x0000005c   Code   RO          922    i.gizwitsInit       gizwits_protocol.o
    0x08005264   0x08005264   0x00000114   Code   RO          924    i.gizwitsSetMode    gizwits_protocol.o
    0x08005378   0x08005378   0x0000007a   Code   RO         1104    i.keyHandle         hal_key.o
    0x080053f2   0x080053f2   0x00000002   PAD
    0x080053f4   0x080053f4   0x0000016c   Code   RO            7    i.main              main.o
    0x08005560   0x08005560   0x00000088   Code   RO          598    i.main_page_data    oled.o
    0x080055e8   0x080055e8   0x0000000a   Code   RO          804    i.mcuRestart        gizwits_product.o
    0x080055f2   0x080055f2   0x00000010   Code   RO          599    i.oled_pow          oled.o
    0x08005602   0x08005602   0x00000032   Code   RO         1288    i.rbCanRead         ringbuffer.o
    0x08005634   0x08005634   0x0000001c   Code   RO         1289    i.rbCanWrite        ringbuffer.o
    0x08005650   0x08005650   0x0000000c   Code   RO         1290    i.rbCapacity        ringbuffer.o
    0x0800565c   0x0800565c   0x00000012   Code   RO         1291    i.rbCreate          ringbuffer.o
    0x0800566e   0x0800566e   0x0000007e   Code   RO         1293    i.rbRead            ringbuffer.o
    0x080056ec   0x080056ec   0x0000008e   Code   RO         1294    i.rbWrite           ringbuffer.o
    0x0800577a   0x0800577a   0x00000002   PAD
    0x0800577c   0x0800577c   0x00000088   Code   RO         1107    i.readKeyValue      hal_key.o
    0x08005804   0x08005804   0x0000000c   Code   RO          805    i.timerInit         gizwits_product.o
    0x08005810   0x08005810   0x0000003c   Code   RO          739    i.u3_printf         hongwai.o
    0x0800584c   0x0800584c   0x00000038   Code   RO          806    i.uartInit          gizwits_product.o
    0x08005884   0x08005884   0x000000b8   Code   RO          807    i.uartWrite         gizwits_product.o
    0x0800593c   0x0800593c   0x00000002   Code   RO          808    i.userHandle        gizwits_product.o
    0x0800593e   0x0800593e   0x00000002   PAD
    0x08005940   0x08005940   0x00000020   Code   RO          809    i.userInit          gizwits_product.o
    0x08005960   0x08005960   0x00000c98   Data   RO          600    .constdata          oled.o
    0x080065f8   0x080065f8   0x00000010   Data   RO         1347    .constdata          system_stm32f1xx.o
    0x08006608   0x08006608   0x00000008   Data   RO         1348    .constdata          system_stm32f1xx.o
    0x08006610   0x08006610   0x00000020   Data   RO         4303    Region$$Table       anon$$obj.o


    Execution Region RW_IRAM1 (Exec base: 0x20000000, Load base: 0x08006630, Size: 0x00002470, Max: 0x00005000, ABSOLUTE)

    Exec Addr    Load Addr    Size         Type   Attr      Idx    E Section Name        Object

    0x20000000   0x08006630   0x00000005   Data   RW           10    .data               main.o
    0x20000005   0x08006635   0x00000003   Data   RW          740    .data               hongwai.o
    0x20000008   0x08006638   0x0000000c   Data   RW          812    .data               gizwits_product.o
    0x20000014   0x08006644   0x00000010   Data   RW          926    .data               gizwits_protocol.o
    0x20000024   0x08006654   0x00000004   Data   RW         1068    .data               delay.o
    0x20000028   0x08006658   0x0000000a   Data   RW         1108    .data               hal_key.o
    0x20000032   0x08006662   0x00000002   PAD
    0x20000034   0x08006664   0x00000004   Data   RW         1349    .data               system_stm32f1xx.o
    0x20000038   0x08006668   0x00000004   Data   RW         1872    .data               stm32f1xx_hal.o
    0x2000003c   0x0800666c   0x00000004   Data   RW         4275    .data               mc_w.l(stdout.o)
    0x20000040   0x08006670   0x00000004   Data   RW         4280    .data               mc_w.l(mvars.o)
    0x20000044        -       0x00000080   Zero   RW            9    .bss                main.o
    0x200000c4        -       0x00000054   Zero   RW          224    .bss                i2c.o
    0x20000118        -       0x00000040   Zero   RW          266    .bss                tim.o
    0x20000158        -       0x000000c0   Zero   RW          310    .bss                usart.o
    0x20000218        -       0x000000dc   Zero   RW          810    .bss                gizwits_product.o
    0x200002f4        -       0x00000176   Zero   RW          925    .bss                gizwits_protocol.o
    0x2000046a   0x08006674   0x00000006   PAD
    0x20000470        -       0x00002000   Zero   RW         1335    STACK               startup_stm32f103xb.o


==============================================================================

Image component sizes


      Code (inc. data)   RO Data    RW Data    ZI Data      Debug   Object Name

        72          0          0          0          0       2172   common.o
       286          0          0          0          0       4969   datapointtools.o
        98          8          0          4          0       1875   delay.o
       564         76          0          0          0       5159   dht11.o
       976        366          0         12        220      11119   gizwits_product.o
      6080       2290          0         16        374      20407   gizwits_protocol.o
       260         22          0          0          0        995   gpio.o
       350         12          0         10          0       3427   hal_key.o
       216         10          0          3          0       5151   hongwai.o
       152         44          0          0         84       1581   i2c.o
       734        108          0          5        128     452871   main.o
       578         48       3224          0          0       6920   oled.o
       376          0          0          0          0       4238   ringbuffer.o
        36          8        236          0       8192        776   startup_stm32f103xb.o
       104         22          0          4          0       3127   stm32f1xx_hal.o
       278         26          0          0          0      27788   stm32f1xx_hal_cortex.o
       164         28          0          0          0       1083   stm32f1xx_hal_dma.o
       556         18          0          0          0       4715   stm32f1xx_hal_gpio.o
      1472         26          0          0          0       8991   stm32f1xx_hal_i2c.o
       132         10          0          0          0        862   stm32f1xx_hal_msp.o
      1668         96          0          0          0       6852   stm32f1xx_hal_rcc.o
       964         14          0          0          0       9331   stm32f1xx_hal_tim.o
       106          0          0          0          0       2370   stm32f1xx_hal_tim_ex.o
      1672         10          0          0          0      10774   stm32f1xx_hal_uart.o
       124         24          0          0          0       6544   stm32f1xx_it.o
        72         16         24          4          0       1175   system_stm32f1xx.o
       152         26          0          0         64       1598   tim.o
       468         98          0          0        192       2912   usart.o

    ----------------------------------------------------------------------
     18744       3406       3516         60       9260     609782   Object Totals
         0          0         32          0          0          0   (incl. Generated)
        34          0          0          2          6          0   (incl. Padding)

    ----------------------------------------------------------------------

      Code (inc. data)   RO Data    RW Data    ZI Data      Debug   Library Member Name

         0          0          0          0          0          0   entry.o
         0          0          0          0          0          0   entry10a.o
         0          0          0          0          0          0   entry11a.o
         8          4          0          0          0          0   entry2.o
         4          0          0          0          0          0   entry5.o
         0          0          0          0          0          0   entry7b.o
         0          0          0          0          0          0   entry8b.o
         8          4          0          0          0          0   entry9a.o
        30          0          0          0          0          0   handlers.o
        36          8          0          0          0         68   init.o
         0          0          0          0          0          0   iusefp.o
        30          0          0          0          0         68   llshl.o
        36          0          0          0          0         68   llsshr.o
        32          0          0          0          0         68   llushr.o
        80          4          0          0          0         76   malloc.o
        36          0          0          0          0         68   memcpya.o
        36          0          0          0          0        108   memseta.o
         0          0          0          4          0          0   mvars.o
      2324         94          0          0          0        600   printfa.o
         0          0          0          4          0          0   stdout.o
        28          0          0          0          0         76   strcmp.o
        44          0          0          0          0         80   uidiv.o
        98          0          0          0          0         92   uldiv.o
        48          0          0          0          0         68   cdrcmple.o
       334          0          0          0          0        148   dadd.o
       222          0          0          0          0        100   ddiv.o
       186          0          0          0          0        176   depilogue.o
        48          0          0          0          0         68   dfixul.o
       228          0          0          0          0         96   dmul.o

    ----------------------------------------------------------------------
      3900        114          0          8          0       2028   Library Totals
         4          0          0          0          0          0   (incl. Padding)

    ----------------------------------------------------------------------

      Code (inc. data)   RO Data    RW Data    ZI Data      Debug   Library Name

      2830        114          0          8          0       1372   mc_w.l
      1066          0          0          0          0        656   mf_w.l

    ----------------------------------------------------------------------
      3900        114          0          8          0       2028   Library Totals

    ----------------------------------------------------------------------

==============================================================================


      Code (inc. data)   RO Data    RW Data    ZI Data      Debug   

     22644       3520       3516         68       9260     602446   Grand Totals
     22644       3520       3516         68       9260     602446   ELF Image Totals
     22644       3520       3516         68          0          0   ROM Totals

==============================================================================

    Total RO  Size (Code + RO Data)                26160 (  25.55kB)
    Total RW  Size (RW Data + ZI Data)              9328 (   9.11kB)
    Total ROM Size (Code + RO Data + RW Data)      26228 (  25.61kB)

==============================================================================

